ARM Linker, 5.02 [Build 28] [MDK-ARM Professional]

==============================================================================

Section Cross References

    stm32f10x.o(RESET) refers to stm32f10x.o(STACK) for __initial_sp
    stm32f10x.o(RESET) refers to stm32f10x.o(.text) for Reset_Handler
    stm32f10x.o(RESET) refers to port.o(.emb_text) for vPortSVCHandler
    stm32f10x.o(RESET) refers to port.o(.text) for xPortSysTickHandler
    stm32f10x.o(.text) refers to entry.o(.ARM.Collect$$$$00000000) for __main
    system_stm32f10x_cl.o(.text) refers to dflti.o(.text) for __aeabi_i2d
    system_stm32f10x_cl.o(.text) refers to dmul.o(.text) for __aeabi_dmul
    system_stm32f10x_cl.o(.text) refers to dfixui.o(.text) for __aeabi_d2uiz
    system_stm32f10x_cl.o(.text) refers to system_stm32f10x_cl.o(.data) for .data
    stm32f10x_gpio.o(.text) refers to setup.o(.text) for assert_failed
    stm32f10x_gpio.o(.text) refers to stm32f10x_rcc.o(.text) for RCC_APB2PeriphResetCmd
    stm32f10x_rcc.o(.text) refers to setup.o(.text) for assert_failed
    stm32f10x_rcc.o(.text) refers to stm32f10x_rcc.o(.data) for .data
    stm3210c_eval_ioe.o(.text) refers to stm32f10x_i2c.o(.text) for I2C_Init
    stm3210c_eval_ioe.o(.text) refers to stm3210c_eval_ioe.o(.data) for .data
    stm3210c_eval_ioe.o(.text) refers to stm32f10x_rcc.o(.text) for RCC_APB1PeriphClockCmd
    stm3210c_eval_ioe.o(.text) refers to stm32f10x_gpio.o(.text) for GPIO_Init
    stm3210c_eval_ioe.o(.text) refers to stm32f10x_exti.o(.text) for EXTI_Init
    stm3210c_eval_ioe.o(.text) refers to misc.o(.text) for NVIC_Init
    stm32f10x_i2c.o(.text) refers to setup.o(.text) for assert_failed
    stm32f10x_i2c.o(.text) refers to stm32f10x_rcc.o(.text) for RCC_APB1PeriphResetCmd
    stm32f10x_exti.o(.text) refers to setup.o(.text) for assert_failed
    misc.o(.text) refers to setup.o(.text) for assert_failed
    glcd.o(.text) refers to glcd.o(.data) for .data
    stm32f10x_adc.o(.text) refers to setup.o(.text) for assert_failed
    stm32f10x_adc.o(.text) refers to stm32f10x_rcc.o(.text) for RCC_APB2PeriphResetCmd
    stm32f10x_bkp.o(.text) refers to stm32f10x_rcc.o(.text) for RCC_BackupResetCmd
    stm32f10x_bkp.o(.text) refers to setup.o(.text) for assert_failed
    stm32f10x_rtc.o(.text) refers to setup.o(.text) for assert_failed
    stm32f10x_pwr.o(.text) refers to stm32f10x_rcc.o(.text) for RCC_APB1PeriphResetCmd
    stm32f10x_pwr.o(.text) refers to setup.o(.text) for assert_failed
    stm32f10x_usart.o(.text) refers to setup.o(.text) for assert_failed
    stm32f10x_usart.o(.text) refers to stm32f10x_rcc.o(.text) for RCC_APB2PeriphResetCmd
    setup.o(.text) refers to system_stm32f10x_cl.o(.text) for SystemInit
    setup.o(.text) refers to printfa.o(i.__0printf) for __2printf
    setup.o(.text) refers to malloc.o(i.malloc) for malloc
    setup.o(.text) refers to printfa.o(i.__0vsprintf) for __c89vsprintf
    setup.o(.text) refers to malloc.o(i.free) for free
    setup.o(.text) refers to system_stm32f10x_cl.o(.data) for SystemFrequency
    main.o(.text) refers to tasks.o(.text) for xTaskGetTickCount
    main.o(.text) refers to glcd.o(.text) for GLCD_setTextColor
    main.o(.text) refers to queue.o(.text) for xQueueGenericReceive
    main.o(.text) refers to graphics.o(.text) for Draw_line
    main.o(.text) refers to setup.o(.text) for LED_out
    main.o(.text) refers to adc.o(.text) for readADC1
    main.o(.text) refers to printfa.o(i.__0sprintf) for __2sprintf
    main.o(.text) refers to dflti.o(.text) for __aeabi_i2d
    main.o(.text) refers to dmul.o(.text) for __aeabi_dmul
    main.o(.text) refers to d2f.o(.text) for __aeabi_d2f
    main.o(.text) refers to f2d.o(.text) for __aeabi_f2d
    main.o(.text) refers to strcpy.o(.text) for strcpy
    main.o(.text) refers to printfa.o(i.__0printf) for __2printf
    main.o(.text) refers to stm32f10x_rtc.o(.text) for RTC_GetCounter
    main.o(.text) refers to stm3210c_eval_ioe.o(.text) for IOE_Config
    main.o(.text) refers to stm32f10x_bkp.o(.text) for BKP_ReadBackupRegister
    main.o(.text) refers to rtc.o(.text) for RTC_Configuration
    main.o(.text) refers to main.o(.data) for .data
    main.o(.text) refers to main.o(.bss) for .bss
    main.o(.text) refers to main.o(.constdata) for .constdata
    graphics.o(.text) refers to glcd.o(.text) for GLCD_init
    adc.o(.text) refers to stm32f10x_rcc.o(.text) for RCC_ADCCLKConfig
    adc.o(.text) refers to stm32f10x_adc.o(.text) for ADC_DeInit
    rtc.o(.text) refers to stm32f10x_rcc.o(.text) for RCC_APB1PeriphClockCmd
    rtc.o(.text) refers to stm32f10x_pwr.o(.text) for PWR_BackupAccessCmd
    rtc.o(.text) refers to stm32f10x_bkp.o(.text) for BKP_DeInit
    rtc.o(.text) refers to stm32f10x_rtc.o(.text) for RTC_WaitForSynchro
    uart.o(.text) refers to stm32f10x_usart.o(.text) for USART_Init
    uart.o(.text) refers to uart.o(.bss) for .bss
    uart.o(.text) refers to uart.o(.data) for .data
    heap_2.o(.text) refers to tasks.o(.text) for vTaskSuspendAll
[...]
    printfa.o(i.__0vsnprintf) refers to printfa.o(i._printf_core) for _printf_core
    printfa.o(i.__0vsnprintf) refers to printfa.o(i._snputc) for _snputc
    printfa.o(i.__0vsprintf) refers (Special) to iusefp.o(.text) for __I$use$fp
    printfa.o(i.__0vsprintf) refers to printfa.o(i._printf_core) for _printf_core
    printfa.o(i.__0vsprintf) refers to printfa.o(i._sputc) for _sputc
    printfa.o(i._fp_digits) refers (Special) to iusefp.o(.text) for __I$use$fp
    printfa.o(i._fp_digits) refers to dmul.o(.text) for __aeabi_dmul
    printfa.o(i._fp_digits) refers to ddiv.o(.text) for __aeabi_ddiv
    printfa.o(i._fp_digits) refers to cdrcmple.o(.text) for __aeabi_cdrcmple
    printfa.o(i._fp_digits) refers to dadd.o(.text) for __aeabi_dadd
    printfa.o(i._fp_digits) refers to dfixul.o(.text) for __aeabi_d2ulz
    printfa.o(i._fp_digits) refers to uldiv.o(.text) for __aeabi_uldivmod
    printfa.o(i._printf_core) refers (Special) to iusefp.o(.text) for __I$use$fp
    printfa.o(i._printf_core) refers to printfa.o(i._printf_pre_padding) for _printf_pre_padding
    printfa.o(i._printf_core) refers to uldiv.o(.text) for __aeabi_uldivmod
    printfa.o(i._printf_core) refers to printfa.o(i._printf_post_padding) for _printf_post_padding
    printfa.o(i._printf_core) refers to printfa.o(i._fp_digits) for _fp_digits
    printfa.o(i._printf_core) refers to uidiv.o(.text) for __aeabi_uidivmod
    printfa.o(i._printf_post_padding) refers (Special) to iusefp.o(.text) for __I$use$fp
    printfa.o(i._printf_pre_padding) refers (Special) to iusefp.o(.text) for __I$use$fp
    printfa.o(i._snputc) refers (Special) to iusefp.o(.text) for __I$use$fp
    printfa.o(i._sputc) refers (Special) to iusefp.o(.text) for __I$use$fp
    malloc.o(i.free) refers to mvars.o(.data) for __microlib_freelist
    malloc.o(i.malloc) refers to mvars.o(.data) for __microlib_freelist_initialised
    malloc.o(i.malloc) refers to mvars.o(.data) for __microlib_freelist
    malloc.o(i.malloc) refers to stm32f10x.o(HEAP) for __heap_base
    mallocr.o(i.__free$realloc) refers to mvars.o(.data) for __microlib_freelist
    mallocr.o(i.__malloc$realloc) refers to mallocr.o(i.internal_alloc) for internal_alloc
    mallocr.o(i.__malloc$realloc) refers to mvars.o(.data) for __microlib_freelist_initialised
    mallocr.o(i.__malloc$realloc) refers to stm32f10x.o(HEAP) for __heap_base
    mallocr.o(i.__malloc$realloc) refers to mvars.o(.data) for __microlib_freelist
    mallocr.o(i.internal_alloc) refers to memcpya.o(.text) for __aeabi_memcpy
    mallocr.o(i.internal_alloc) refers to mvars.o(.data) for __microlib_freelist
    mallocr.o(i.realloc) refers to mallocr.o(i.__free$realloc) for __free$realloc
    mallocr.o(i.realloc) refers to mallocr.o(i.internal_alloc) for internal_alloc
    mallocr.o(i.realloc) refers to mallocr.o(i.__malloc$realloc) for __malloc$realloc
    mallocr.o(i.realloc) refers to mvars.o(.data) for __microlib_freelist
    malloca.o(i.__aligned_malloc) refers to mvars.o(.data) for __microlib_freelist_initialised
    malloca.o(i.__aligned_malloc) refers to mvars.o(.data) for __microlib_freelist
    malloca.o(i.__aligned_malloc) refers to stm32f10x.o(HEAP) for __heap_base
    malloca.o(i.__free$memalign) refers to mvars.o(.data) for __microlib_freelist
    malloca.o(i.__malloc$memalign) refers to malloca.o(i.__aligned_malloc) for __aligned_malloc
    mallocra.o(i.__aligned_malloc$realloc) refers to mallocra.o(i.internal_alloc) for internal_alloc
    mallocra.o(i.__aligned_malloc$realloc) refers to mvars.o(.data) for __microlib_freelist_initialised
    mallocra.o(i.__aligned_malloc$realloc) refers to stm32f10x.o(HEAP) for __heap_base
    mallocra.o(i.__aligned_malloc$realloc) refers to mvars.o(.data) for __microlib_freelist
    mallocra.o(i.__free$realloc$memalign) refers to mvars.o(.data) for __microlib_freelist
    mallocra.o(i.__malloc$realloc$memalign) refers to mallocra.o(i.__aligned_malloc$realloc) for __aligned_malloc$realloc
    mallocra.o(i.__realloc$memalign) refers to mallocra.o(i.__free$realloc$memalign) for __free$realloc$memalign
    mallocra.o(i.__realloc$memalign) refers to mallocra.o(i.internal_alloc) for internal_alloc
    mallocra.o(i.__realloc$memalign) refers to mallocra.o(i.__malloc$realloc$memalign) for __malloc$realloc$memalign
    mallocra.o(i.__realloc$memalign) refers to mvars.o(.data) for __microlib_freelist
    mallocra.o(i.internal_alloc) refers to memcpya.o(.text) for __aeabi_memcpy
    mallocra.o(i.internal_alloc) refers to mvars.o(.data) for __microlib_freelist
    dmul.o(.text) refers (Special) to iusefp.o(.text) for __I$use$fp
    dmul.o(.text) refers to depilogue.o(.text) for _double_epilogue
    dflti.o(.text) refers (Special) to iusefp.o(.text) for __I$use$fp
    dflti.o(.text) refers to depilogue.o(.text) for _double_epilogue
    dfixui.o(.text) refers (Special) to iusefp.o(.text) for __I$use$fp
    dfixui.o(.text) refers to llushr.o(.text) for __aeabi_llsr
    f2d.o(.text) refers (Special) to iusefp.o(.text) for __I$use$fp
    d2f.o(.text) refers (Special) to iusefp.o(.text) for __I$use$fp
    d2f.o(.text) refers to fepilogue.o(.text) for _float_round
    entry2.o(.ARM.Collect$$$$00000001) refers to entry2.o(.ARM.Collect$$$$00002712) for __lit__00000000
    entry2.o(.ARM.Collect$$$$00002712) refers to stm32f10x.o(STACK) for __initial_sp
    entry2.o(__vectab_stack_and_reset_area) refers to stm32f10x.o(STACK) for __initial_sp
    entry2.o(__vectab_stack_and_reset_area) refers to entry.o(.ARM.Collect$$$$00000000) for __main
    entry5.o(.ARM.Collect$$$$00000004) refers to init.o(.text) for __scatterload
    entry8.o(.ARM.Collect$$$$00000009) refers to main.o(.text) for main
    uldiv.o(.text) refers to llushr.o(.text) for __aeabi_llsr
    uldiv.o(.text) refers to llshl.o(.text) for __aeabi_llsl
    depilogue.o(.text) refers to llshl.o(.text) for __aeabi_llsl
    depilogue.o(.text) refers to llushr.o(.text) for __aeabi_llsr
    dadd.o(.text) refers to llshl.o(.text) for __aeabi_llsl
    dadd.o(.text) refers to llsshr.o(.text) for __aeabi_lasr
    dadd.o(.text) refers to depilogue.o(.text) for _double_epilogue
    ddiv.o(.text) refers to depilogue.o(.text) for _double_round
    dfixul.o(.text) refers to llushr.o(.text) for __aeabi_llsr
    dfixul.o(.text) refers to llshl.o(.text) for __aeabi_llsl
    init.o(.text) refers to entry5.o(.ARM.Collect$$$$00000004) for __main_after_scatterload


==============================================================================

Removing Unused input sections from the image.

    Removing uart.o(.constdata), (4 bytes).
    Removing uart.o(.constdata), (4 bytes).
    Removing uart.o(.constdata), (2 bytes).
    Removing uart.o(.constdata), (2 bytes).
    Removing uart.o(.data), (4 bytes).

5 unused section(s) (total 16 bytes) removed from the image.

==============================================================================

Image Symbol Table

    Local Symbols

    Symbol Name                              Value     Ov Type        Size  Object(Section)

    ../clib/../cmprslib/lz77c.c              0x00000000   Number         0  __dclz77c.o ABSOLUTE
    ../clib/microlib/division.c              0x00000000   Number         0  uldiv.o ABSOLUTE
    ../clib/microlib/division.c              0x00000000   Number         0  uidiv.o ABSOLUTE
    ../clib/microlib/init/entry.s            0x00000000   Number         0  entry8.o ABSOLUTE
    ../clib/microlib/init/entry.s            0x00000000   Number         0  entry.o ABSOLUTE
    ../clib/microlib/init/entry.s            0x00000000   Number         0  entry7b.o ABSOLUTE
    ../clib/microlib/init/entry.s            0x00000000   Number         0  entry7a.o ABSOLUTE
    ../clib/microlib/init/entry.s            0x00000000   Number         0  entry5.o ABSOLUTE
    ../clib/microlib/init/entry.s            0x00000000   Number         0  entry2.o ABSOLUTE
    ../clib/microlib/longlong.c              0x00000000   Number         0  llushr.o ABSOLUTE
    ../clib/microlib/longlong.c              0x00000000   Number         0  llshl.o ABSOLUTE
    ../clib/microlib/longlong.c              0x00000000   Number         0  llsshr.o ABSOLUTE
    ../clib/microlib/malloc/malloc.c         0x00000000   Number         0  malloc.o ABSOLUTE
    ../clib/microlib/malloc/malloc.c         0x00000000   Number         0  malloca.o ABSOLUTE
    ../clib/microlib/malloc/malloc.c         0x00000000   Number         0  mallocra.o ABSOLUTE
    ../clib/microlib/malloc/malloc.c         0x00000000   Number         0  mallocr.o ABSOLUTE
    ../clib/microlib/malloc/mvars.c          0x00000000   Number         0  mvars.o ABSOLUTE
    ../clib/microlib/printf/printf.c         0x00000000   Number         0  printf7.o ABSOLUTE
    ../clib/microlib/printf/printf.c         0x00000000   Number         0  printfa.o ABSOLUTE
    ../clib/microlib/printf/printf.c         0x00000000   Number         0  printf8.o ABSOLUTE
    ../clib/microlib/printf/printf.c         0x00000000   Number         0  printf0.o ABSOLUTE
    ../clib/microlib/printf/printf.c         0x00000000   Number         0  printf5.o ABSOLUTE
    ../clib/microlib/printf/printf.c         0x00000000   Number         0  printfb.o ABSOLUTE
    ../clib/microlib/printf/printf.c         0x00000000   Number         0  printf1.o ABSOLUTE
    ../clib/microlib/printf/printf.c         0x00000000   Number         0  printf2.o ABSOLUTE
    ../clib/microlib/printf/printf.c         0x00000000   Number         0  printf3.o ABSOLUTE
    ../clib/microlib/printf/printf.c         0x00000000   Number         0  printf4.o ABSOLUTE
    ../clib/microlib/printf/printf.c         0x00000000   Number         0  printf6.o ABSOLUTE
    ../clib/microlib/printf/stubs.s          0x00000000   Number         0  stubs.o ABSOLUTE
    ../clib/microlib/stdio/streams.c         0x00000000   Number         0  stdout.o ABSOLUTE
    ../clib/microlib/string/memcpy.c         0x00000000   Number         0  memcpya.o ABSOLUTE
    ../clib/microlib/string/memcpy.c         0x00000000   Number         0  memcpyb.o ABSOLUTE
    ../clib/microlib/string/memset.c         0x00000000   Number         0  memseta.o ABSOLUTE
    ../clib/microlib/string/strcpy.c         0x00000000   Number         0  strcpy.o ABSOLUTE
    ../clib/microlib/string/strncpy.c        0x00000000   Number         0  strncpy.o ABSOLUTE
    ../clib/microlib/stubs.s                 0x00000000   Number         0  iusefp.o ABSOLUTE
    ../fplib/microlib/d2f.c                  0x00000000   Number         0  d2f.o ABSOLUTE
    ../fplib/microlib/f2d.c                  0x00000000   Number         0  f2d.o ABSOLUTE
    ../fplib/microlib/fpadd.c                0x00000000   Number         0  dadd.o ABSOLUTE
    ../fplib/microlib/fpdiv.c                0x00000000   Number         0  ddiv.o ABSOLUTE
    ../fplib/microlib/fpepilogue.c           0x00000000   Number         0  depilogue.o ABSOLUTE
    ../fplib/microlib/fpepilogue.c           0x00000000   Number         0  fepilogue.o ABSOLUTE
    ../fplib/microlib/fpfix.c                0x00000000   Number         0  dfixui.o ABSOLUTE
    ../fplib/microlib/fpfix.c                0x00000000   Number         0  dfixul.o ABSOLUTE
    ../fplib/microlib/fpflt.c                0x00000000   Number         0  dflti.o ABSOLUTE
    ../fplib/microlib/fpmul.c                0x00000000   Number         0  dmul.o ABSOLUTE
    Firmware\GLCD.c                          0x00000000   Number         0  glcd.o ABSOLUTE
    Firmware\STM32F10x.s                     0x00000000   Number         0  stm32f10x.o ABSOLUTE
    Firmware\setup.c                         0x00000000   Number         0  setup.o ABSOLUTE
    Firmware\src\misc.c                      0x00000000   Number         0  misc.o ABSOLUTE
    Firmware\src\stm32f10x_adc.c             0x00000000   Number         0  stm32f10x_adc.o ABSOLUTE
    Firmware\src\stm32f10x_bkp.c             0x00000000   Number         0  stm32f10x_bkp.o ABSOLUTE
    Firmware\src\stm32f10x_exti.c            0x00000000   Number         0  stm32f10x_exti.o ABSOLUTE
    Firmware\src\stm32f10x_gpio.c            0x00000000   Number         0  stm32f10x_gpio.o ABSOLUTE
    Firmware\src\stm32f10x_i2c.c             0x00000000   Number         0  stm32f10x_i2c.o ABSOLUTE
    Firmware\src\stm32f10x_pwr.c             0x00000000   Number         0  stm32f10x_pwr.o ABSOLUTE
    Firmware\src\stm32f10x_rcc.c             0x00000000   Number         0  stm32f10x_rcc.o ABSOLUTE
    Firmware\src\stm32f10x_rtc.c             0x00000000   Number         0  stm32f10x_rtc.o ABSOLUTE
    Firmware\src\stm32f10x_usart.c           0x00000000   Number         0  stm32f10x_usart.o ABSOLUTE
    Firmware\stm3210c_eval_ioe.c             0x00000000   Number         0  stm3210c_eval_ioe.o ABSOLUTE
    Firmware\system_stm32f10x_cl.c           0x00000000   Number         0  system_stm32f10x_cl.o ABSOLUTE
    FreeRTOS\\src\\port.c                    0x00000000   Number         0  port.o ABSOLUTE
    FreeRTOS\src\heap_2.c                    0x00000000   Number         0  heap_2.o ABSOLUTE
    FreeRTOS\src\list.c                      0x00000000   Number         0  list.o ABSOLUTE
    FreeRTOS\src\port.c                      0x00000000   Number         0  port.o ABSOLUTE
    FreeRTOS\src\queue.c                     0x00000000   Number         0  queue.o ABSOLUTE
    FreeRTOS\src\tasks.c                     0x00000000   Number         0  tasks.o ABSOLUTE
    adc.c                                    0x00000000   Number         0  adc.o ABSOLUTE
    cdrcmple.s                               0x00000000   Number         0  cdrcmple.o ABSOLUTE
    dc.s                                     0x00000000   Number         0  dc.o ABSOLUTE
    graphics.c                               0x00000000   Number         0  graphics.o ABSOLUTE
    handlers.s                               0x00000000   Number         0  handlers.o ABSOLUTE
    init.s                                   0x00000000   Number         0  init.o ABSOLUTE
    main.c                                   0x00000000   Number         0  main.o ABSOLUTE
    rtc.c                                    0x00000000   Number         0  rtc.o ABSOLUTE
    uart.c                                   0x00000000   Number         0  uart.o ABSOLUTE
    RESET                                    0x08000000   Section      236  stm32f10x.o(RESET)
    .ARM.Collect$$$$00000000                 0x080000ec   Section        0  entry.o(.ARM.Collect$$$$00000000)
    .ARM.Collect$$$$00000001                 0x080000ec   Section        4  entry2.o(.ARM.Collect$$$$00000001)
    .ARM.Collect$$$$00000004                 0x080000f0   Section        4  entry5.o(.ARM.Collect$$$$00000004)
    .ARM.Collect$$$$00000008                 0x080000f4   Section        0  entry7b.o(.ARM.Collect$$$$00000008)
    .ARM.Collect$$$$00000009                 0x080000f4   Section        8  entry8.o(.ARM.Collect$$$$00000009)
    .ARM.Collect$$$$00002712                 0x080000fc   Section        4  entry2.o(.ARM.Collect$$$$00002712)
    __lit__00000000                          0x080000fc   Data           4  entry2.o(.ARM.Collect$$$$00002712)
    .emb_text                                0x08000100   Section      136  port.o(.emb_text)
    .text                                    0x08000188   Section       28  stm32f10x.o(.text)
    .text                                    0x080001a4   Section        0  system_stm32f10x_cl.o(.text)
    .text                                    0x080002ec   Section        0  stm32f10x_gpio.o(.text)
    .text                                    0x08000bcc   Section        0  stm32f10x_rcc.o(.text)
    .text                                    0x08001544   Section        0  stm3210c_eval_ioe.o(.text)
    IOE_I2C_Config                           0x08001545   Thumb Code    48  stm3210c_eval_ioe.o(.text)
    delay                                    0x080018bd   Thumb Code    14  stm3210c_eval_ioe.o(.text)
    IOE_GPIO_Config                          0x080019ff   Thumb Code    96  stm3210c_eval_ioe.o(.text)
    IOE_EXTI_Config                          0x08001b25   Thumb Code    94  stm3210c_eval_ioe.o(.text)
    IOE_TS_Read_Z                            0x08001ea7   Thumb Code    14  stm3210c_eval_ioe.o(.text)
    IOE_TS_Read_Y                            0x08001eb5   Thumb Code    42  stm3210c_eval_ioe.o(.text)
    IOE_TS_Read_X                            0x08001edf   Thumb Code    38  stm3210c_eval_ioe.o(.text)
    .text                                    0x08002030   Section        0  stm32f10x_i2c.o(.text)
    .text                                    0x08002aec   Section        0  stm32f10x_exti.o(.text)
    .text                                    0x08002d5c   Section        0  misc.o(.text)
    .text                                    0x08002ee8   Section        0  glcd.o(.text)
    delay                                    0x08002ee9   Thumb Code     8  glcd.o(.text)
    rd_reg                                   0x08002ef1   Thumb Code    54  glcd.o(.text)
    spi_send                                 0x080033e3   Thumb Code    18  glcd.o(.text)
    wr_cmd                                   0x080033f5   Thumb Code    36  glcd.o(.text)
    wr_dat                                   0x08003419   Thumb Code    36  glcd.o(.text)
    wr_reg                                   0x0800343d   Thumb Code    16  glcd.o(.text)
    .text                                    0x08003470   Section        0  stm32f10x_adc.o(.text)
    .text                                    0x080040e8   Section        0  stm32f10x_bkp.o(.text)
    .text                                    0x08004370   Section        0  stm32f10x_rtc.o(.text)
    .text                                    0x08004534   Section        0  stm32f10x_pwr.o(.text)
    .text                                    0x080046b8   Section        0  stm32f10x_usart.o(.text)
    .text                                    0x0800523c   Section        0  setup.o(.text)
    .text                                    0x0800547c   Section        0  main.o(.text)
    lcdTask                                  0x08005491   Thumb Code   150  main.o(.text)
    ledTask                                  0x08005527   Thumb Code    34  main.o(.text)
    ADCtask                                  0x08005549   Thumb Code   176  main.o(.text)
    consume                                  0x0800563b   Thumb Code   270  main.o(.text)
    RTCtask                                  0x08005749   Thumb Code    74  main.o(.text)
    .text                                    0x08005948   Section        0  graphics.o(.text)
    .text                                    0x080059d0   Section        0  adc.o(.text)
    .text                                    0x08005a6c   Section        0  rtc.o(.text)
    .text                                    0x08005ae0   Section        0  uart.o(.text)
    .text                                    0x08005b5c   Section        0  heap_2.o(.text)
    .text                                    0x08005c50   Section        0  list.o(.text)
    .text                                    0x08005cdc   Section        0  port.o(.text)
    prvSetupTimerInterrupt                   0x08005cf5   Thumb Code    14  port.o(.text)
    .text                                    0x08005d80   Section        0  queue.o(.text)
    prvUnlockQueue                           0x08005de1   Thumb Code   100  queue.o(.text)
    prvIsQueueFull                           0x08005e45   Thumb Code    30  queue.o(.text)
    prvCopyDataToQueue                       0x08005e63   Thumb Code    92  queue.o(.text)
    prvIsQueueEmpty                          0x0800601d   Thumb Code    26  queue.o(.text)
    prvCopyDataFromQueue                     0x08006037   Thumb Code    40  queue.o(.text)
    .text                                    0x080061f8   Section        0  tasks.o(.text)
    prvInitialiseTaskLists                   0x080061f9   Thumb Code    78  tasks.o(.text)
    prvInitialiseTCBVariables                0x08006247   Thumb Code    58  tasks.o(.text)
    prvAllocateTCBAndStack                   0x08006281   Thumb Code    54  tasks.o(.text)
    prvDeleteTCB                             0x080067e9   Thumb Code    20  tasks.o(.text)
    prvCheckTasksWaitingTermination          0x080067fd   Thumb Code    84  tasks.o(.text)
    prvIdleTask                              0x08006851   Thumb Code    18  tasks.o(.text)
    .text                                    0x08006aa0   Section        0  memcpya.o(.text)
    .text                                    0x08006ac4   Section        0  memseta.o(.text)
    .text                                    0x08006ae8   Section        0  strncpy.o(.text)
    .text                                    0x08006b00   Section        0  strcpy.o(.text)
    .text                                    0x08006b12   Section        0  dmul.o(.text)
    .text                                    0x08006bf6   Section        0  dflti.o(.text)
    .text                                    0x08006c18   Section        0  dfixui.o(.text)
    .text                                    0x08006c4a   Section        0  f2d.o(.text)
    .text                                    0x08006c70   Section        0  d2f.o(.text)
    .text                                    0x08006ca8   Section        0  uidiv.o(.text)
    .text                                    0x08006cd4   Section        0  uldiv.o(.text)
    .text                                    0x08006d36   Section        0  llushr.o(.text)
    .text                                    0x08006d56   Section        0  fepilogue.o(.text)
    .text                                    0x08006d56   Section        0  iusefp.o(.text)
    .text                                    0x08006dc2   Section        0  depilogue.o(.text)
    .text                                    0x08006e80   Section        0  dadd.o(.text)
    .text                                    0x08006fce   Section        0  ddiv.o(.text)
    .text                                    0x080070ac   Section        0  dfixul.o(.text)
    .text                                    0x080070dc   Section       40  cdrcmple.o(.text)
    .text                                    0x08007104   Section       36  init.o(.text)
    .text                                    0x08007128   Section        0  llshl.o(.text)
    .text                                    0x08007146   Section        0  llsshr.o(.text)
    .text                                    0x0800716a   Section        0  __dclz77c.o(.text)
    i.__0printf                              0x080071cc   Section        0  printfa.o(i.__0printf)
    i.__0sprintf                             0x080071ec   Section        0  printfa.o(i.__0sprintf)
    i.__0vsprintf                            0x08007214   Section        0  printfa.o(i.__0vsprintf)
    i.__scatterload_copy                     0x08007238   Section       14  handlers.o(i.__scatterload_copy)
    i.__scatterload_null                     0x08007246   Section        2  handlers.o(i.__scatterload_null)
    i.__scatterload_zeroinit                 0x08007248   Section       14  handlers.o(i.__scatterload_zeroinit)
    i._fp_digits                             0x08007258   Section        0  printfa.o(i._fp_digits)
    _fp_digits                               0x08007259   Thumb Code   326  printfa.o(i._fp_digits)
    i._printf_core                           0x080073b4   Section        0  printfa.o(i._printf_core)
    _printf_core                             0x080073b5   Thumb Code  1762  printfa.o(i._printf_core)
    i._printf_post_padding                   0x08007aa4   Section        0  printfa.o(i._printf_post_padding)
    _printf_post_padding                     0x08007aa5   Thumb Code    38  printfa.o(i._printf_post_padding)
    i._printf_pre_padding                    0x08007aca   Section        0  printfa.o(i._printf_pre_padding)
    _printf_pre_padding                      0x08007acb   Thumb Code    48  printfa.o(i._printf_pre_padding)
    i._sputc                                 0x08007afa   Section        0  printfa.o(i._sputc)
    _sputc                                   0x08007afb   Thumb Code    10  printfa.o(i._sputc)
    i.free                                   0x08007b04   Section        0  malloc.o(i.free)
    i.malloc                                 0x08007b54   Section        0  malloc.o(i.malloc)
    .constdata                               0x08007bc0   Section      240  main.o(.constdata)
    .data                                    0x20000000   Section       20  system_stm32f10x_cl.o(.data)
    .data                                    0x20000014   Section       20  stm32f10x_rcc.o(.data)
    ADCPrescTable                            0x20000014   Data           4  stm32f10x_rcc.o(.data)
    APBAHBPrescTable                         0x20000018   Data          16  stm32f10x_rcc.o(.data)
    .data                                    0x20000028   Section       24  stm3210c_eval_ioe.o(.data)
    _x                                       0x2000002c   Data           4  stm3210c_eval_ioe.o(.data)
    _y                                       0x20000030   Data           4  stm3210c_eval_ioe.o(.data)
    tmp                                      0x20000034   Data           4  stm3210c_eval_ioe.o(.data)
    .data                                    0x20000040   Section     5382  glcd.o(.data)
    TextColor                                0x20000040   Data           2  glcd.o(.data)
    BackColor                                0x20000042   Data           2  glcd.o(.data)
    driverCode                               0x20000044   Data           2  glcd.o(.data)
    .data                                    0x20001548   Section       36  main.o(.data)
    .data                                    0x2000156c   Section        4  uart.o(.data)
    .data                                    0x20001570   Section       24  heap_2.o(.data)
    xFreeBytesRemaining                      0x20001570   Data           4  heap_2.o(.data)
    xHeapHasBeenInitialised                  0x20001574   Data           4  heap_2.o(.data)
    xStart                                   0x20001578   Data           8  heap_2.o(.data)
    xEnd                                     0x20001580   Data           8  heap_2.o(.data)
    .data                                    0x20001588   Section        4  port.o(.data)
    uxCriticalNesting                        0x20001588   Data           4  port.o(.data)
    .data                                    0x2000158c   Section       56  tasks.o(.data)
    uxTasksDeleted                           0x20001590   Data           4  tasks.o(.data)
    uxCurrentNumberOfTasks                   0x20001594   Data           4  tasks.o(.data)
    xTickCount                               0x20001598   Data           4  tasks.o(.data)
    uxTopUsedPriority                        0x2000159c   Data           4  tasks.o(.data)
    uxTopReadyPriority                       0x200015a0   Data           4  tasks.o(.data)
    xSchedulerRunning                        0x200015a4   Data           4  tasks.o(.data)
    uxSchedulerSuspended                     0x200015a8   Data           4  tasks.o(.data)
    uxMissedTicks                            0x200015ac   Data           4  tasks.o(.data)
    xMissedYield                             0x200015b0   Data           4  tasks.o(.data)
    xNumOfOverflows                          0x200015b4   Data           4  tasks.o(.data)
    uxTaskNumber                             0x200015b8   Data           4  tasks.o(.data)
    pxDelayedTaskList                        0x200015bc   Data           4  tasks.o(.data)
    pxOverflowDelayedTaskList                0x200015c0   Data           4  tasks.o(.data)
    .data                                    0x200015c4   Section        4  stdout.o(.data)
    .data                                    0x200015c8   Section        4  mvars.o(.data)
    .data                                    0x200015cc   Section        4  mvars.o(.data)
    .bss                                     0x200015d0   Section     2280  main.o(.bss)
    .bss                                     0x20001eb8   Section       16  uart.o(.bss)
    .bss                                     0x20001ec8   Section    56320  heap_2.o(.bss)
    xHeap                                    0x20001ec8   Data       56320  heap_2.o(.bss)
    .bss                                     0x2000fac8   Section      200  tasks.o(.bss)
    pxReadyTasksLists                        0x2000fac8   Data         100  tasks.o(.bss)
    xDelayedTaskList1                        0x2000fb2c   Data          20  tasks.o(.bss)
    xDelayedTaskList2                        0x2000fb40   Data          20  tasks.o(.bss)
    xPendingReadyList                        0x2000fb54   Data          20  tasks.o(.bss)
    xTasksWaitingTermination                 0x2000fb68   Data          20  tasks.o(.bss)
    xSuspendedTaskList                       0x2000fb7c   Data          20  tasks.o(.bss)
    HEAP                                     0x2000fb90   Section        0  stm32f10x.o(HEAP)
    STACK                                    0x2000fb90   Section      512  stm32f10x.o(STACK)

    Global Symbols

    Symbol Name                              Value     Ov Type        Size  Object(Section)

    BuildAttributes$$THM_ISAv4$P$D$K$B$S$PE$A:L22UL41UL21$X:L11$S22US41US21$IEEE1$IW$USESV6$~STKCKD$USESV7$~SHL$OTIME$ROPI$EBA8$MICROLIB$REQ8$PRES8$EABIv2 0x00000000   Number         0  anon$$obj.o ABSOLUTE
    __ARM_use_no_argv                        0x00000000   Number         0  main.o ABSOLUTE
    _printf_a                                0x00000000   Number         0  stubs.o ABSOLUTE
    _printf_c                                0x00000000   Number         0  stubs.o ABSOLUTE
    _printf_charcount                        0x00000000   Number         0  stubs.o ABSOLUTE
    _printf_d                                0x00000000   Number         0  stubs.o ABSOLUTE
    _printf_e                                0x00000000   Number         0  stubs.o ABSOLUTE
    _printf_f                                0x00000000   Number         0  stubs.o ABSOLUTE
    _printf_flags                            0x00000000   Number         0  stubs.o ABSOLUTE
    _printf_fp_dec                           0x00000000   Number         0  stubs.o ABSOLUTE
    _printf_fp_hex                           0x00000000   Number         0  stubs.o ABSOLUTE
    _printf_g                                0x00000000   Number         0  stubs.o ABSOLUTE
    _printf_i                                0x00000000   Number         0  stubs.o ABSOLUTE
    _printf_int_dec                          0x00000000   Number         0  stubs.o ABSOLUTE
    _printf_l                                0x00000000   Number         0  stubs.o ABSOLUTE
    _printf_lc                               0x00000000   Number         0  stubs.o ABSOLUTE
    _printf_ll                               0x00000000   Number         0  stubs.o ABSOLUTE
    _printf_lld                              0x00000000   Number         0  stubs.o ABSOLUTE
    _printf_lli                              0x00000000   Number         0  stubs.o ABSOLUTE
    _printf_llo                              0x00000000   Number         0  stubs.o ABSOLUTE
    _printf_llu                              0x00000000   Number         0  stubs.o ABSOLUTE
    _printf_llx                              0x00000000   Number         0  stubs.o ABSOLUTE
    _printf_longlong_dec                     0x00000000   Number         0  stubs.o ABSOLUTE
    _printf_longlong_hex                     0x00000000   Number         0  stubs.o ABSOLUTE
    _printf_longlong_oct                     0x00000000   Number         0  stubs.o ABSOLUTE
    _printf_ls                               0x00000000   Number         0  stubs.o ABSOLUTE
    _printf_mbtowc                           0x00000000   Number         0  stubs.o ABSOLUTE
    _printf_n                                0x00000000   Number         0  stubs.o ABSOLUTE
    _printf_o                                0x00000000   Number         0  stubs.o ABSOLUTE
    _printf_p                                0x00000000   Number         0  stubs.o ABSOLUTE
    _printf_percent                          0x00000000   Number         0  stubs.o ABSOLUTE
    _printf_pre_padding                      0x00000000   Number         0  stubs.o ABSOLUTE
    _printf_return_value                     0x00000000   Number         0  stubs.o ABSOLUTE
    _printf_s                                0x00000000   Number         0  stubs.o ABSOLUTE
    _printf_sizespec                         0x00000000   Number         0  stubs.o ABSOLUTE
    _printf_str                              0x00000000   Number         0  stubs.o ABSOLUTE
    _printf_truncate_signed                  0x00000000   Number         0  stubs.o ABSOLUTE
    _printf_truncate_unsigned                0x00000000   Number         0  stubs.o ABSOLUTE
    _printf_u                                0x00000000   Number         0  stubs.o ABSOLUTE
    _printf_wc                               0x00000000   Number         0  stubs.o ABSOLUTE
    _printf_wctomb                           0x00000000   Number         0  stubs.o ABSOLUTE
    _printf_widthprec                        0x00000000   Number         0  stubs.o ABSOLUTE
    _printf_x                                0x00000000   Number         0  stubs.o ABSOLUTE
    _clock_init                               - Undefined Weak Reference
    __Vectors                                0x08000000   Data           4  stm32f10x.o(RESET)
    __main                                   0x080000ed   Thumb Code     0  entry.o(.ARM.Collect$$$$00000000)
    _main_stk                                0x080000ed   Thumb Code     0  entry2.o(.ARM.Collect$$$$00000001)
    _main_scatterload                        0x080000f1   Thumb Code     0  entry5.o(.ARM.Collect$$$$00000004)
    __main_after_scatterload                 0x080000f5   Thumb Code     0  entry5.o(.ARM.Collect$$$$00000004)
    _main_clock                              0x080000f5   Thumb Code     0  entry7b.o(.ARM.Collect$$$$00000008)
    _main_init                               0x080000f5   Thumb Code     0  entry8.o(.ARM.Collect$$$$00000009)
    vPortSVCHandler                          0x08000101   Thumb Code    28  port.o(.emb_text)
    vPortStartFirstTask                      0x08000121   Thumb Code    12  port.o(.emb_text)
    xPortPendSVHandler                       0x08000131   Thumb Code    56  port.o(.emb_text)
    vPortSetInterruptMask                    0x0800016d   Thumb Code    14  port.o(.emb_text)
    vPortClearInterruptMask                  0x0800017b   Thumb Code    14  port.o(.emb_text)
    Reset_Handler                            0x08000189   Thumb Code     4  stm32f10x.o(.text)
    NMI_Handler                              0x0800018d   Thumb Code     2  stm32f10x.o(.text)
    HardFault_Handler                        0x0800018f   Thumb Code     2  stm32f10x.o(.text)
    MemManage_Handler                        0x08000191   Thumb Code     2  stm32f10x.o(.text)
    BusFault_Handler                         0x08000193   Thumb Code     2  stm32f10x.o(.text)
    UsageFault_Handler                       0x08000195   Thumb Code     2  stm32f10x.o(.text)
    SVC_Handler                              0x08000197   Thumb Code     2  stm32f10x.o(.text)
    DebugMon_Handler                         0x08000199   Thumb Code     2  stm32f10x.o(.text)
    PendSV_Handler                           0x0800019b   Thumb Code     2  stm32f10x.o(.text)
    SysTick_Handler                          0x0800019d   Thumb Code     2  stm32f10x.o(.text)
    ADC_IRQHandler                           0x0800019f   Thumb Code     0  stm32f10x.o(.text)
    CAN_RX1_IRQHandler                       0x0800019f   Thumb Code     0  stm32f10x.o(.text)
    CAN_SCE_IRQHandler                       0x0800019f   Thumb Code     0  stm32f10x.o(.text)
    DMAChannel1_IRQHandler                   0x0800019f   Thumb Code     0  stm32f10x.o(.text)
    DMAChannel2_IRQHandler                   0x0800019f   Thumb Code     0  stm32f10x.o(.text)
    DMAChannel3_IRQHandler                   0x0800019f   Thumb Code     0  stm32f10x.o(.text)
    DMAChannel4_IRQHandler                   0x0800019f   Thumb Code     0  stm32f10x.o(.text)
    DMAChannel5_IRQHandler                   0x0800019f   Thumb Code     0  stm32f10x.o(.text)
    DMAChannel6_IRQHandler                   0x0800019f   Thumb Code     0  stm32f10x.o(.text)
    DMAChannel7_IRQHandler                   0x0800019f   Thumb Code     0  stm32f10x.o(.text)
    EXTI0_IRQHandler                         0x0800019f   Thumb Code     0  stm32f10x.o(.text)
    EXTI15_10_IRQHandler                     0x0800019f   Thumb Code     0  stm32f10x.o(.text)
    EXTI1_IRQHandler                         0x0800019f   Thumb Code     0  stm32f10x.o(.text)
    EXTI2_IRQHandler                         0x0800019f   Thumb Code     0  stm32f10x.o(.text)
    EXTI3_IRQHandler                         0x0800019f   Thumb Code     0  stm32f10x.o(.text)
    EXTI4_IRQHandler                         0x0800019f   Thumb Code     0  stm32f10x.o(.text)
    EXTI9_5_IRQHandler                       0x0800019f   Thumb Code     0  stm32f10x.o(.text)
    FLASH_IRQHandler                         0x0800019f   Thumb Code     0  stm32f10x.o(.text)
    I2C1_ER_IRQHandler                       0x0800019f   Thumb Code     0  stm32f10x.o(.text)
    I2C1_EV_IRQHandler                       0x0800019f   Thumb Code     0  stm32f10x.o(.text)
    I2C2_ER_IRQHandler                       0x0800019f   Thumb Code     0  stm32f10x.o(.text)
    I2C2_EV_IRQHandler                       0x0800019f   Thumb Code     0  stm32f10x.o(.text)
    PVD_IRQHandler                           0x0800019f   Thumb Code     0  stm32f10x.o(.text)
    RCC_IRQHandler                           0x0800019f   Thumb Code     0  stm32f10x.o(.text)
    RTCAlarm_IRQHandler                      0x0800019f   Thumb Code     0  stm32f10x.o(.text)
    RTC_IRQHandler                           0x0800019f   Thumb Code     0  stm32f10x.o(.text)
    SPI1_IRQHandler                          0x0800019f   Thumb Code     0  stm32f10x.o(.text)
    SPI2_IRQHandler                          0x0800019f   Thumb Code     0  stm32f10x.o(.text)
    TAMPER_IRQHandler                        0x0800019f   Thumb Code     0  stm32f10x.o(.text)
    TIM1_BRK_IRQHandler                      0x0800019f   Thumb Code     0  stm32f10x.o(.text)
    TIM1_CC_IRQHandler                       0x0800019f   Thumb Code     0  stm32f10x.o(.text)
    TIM1_TRG_COM_IRQHandler                  0x0800019f   Thumb Code     0  stm32f10x.o(.text)
    TIM1_UP_IRQHandler                       0x0800019f   Thumb Code     0  stm32f10x.o(.text)
    TIM2_IRQHandler                          0x0800019f   Thumb Code     0  stm32f10x.o(.text)
    TIM3_IRQHandler                          0x0800019f   Thumb Code     0  stm32f10x.o(.text)
    TIM4_IRQHandler                          0x0800019f   Thumb Code     0  stm32f10x.o(.text)
    USART1_IRQHandler                        0x0800019f   Thumb Code     0  stm32f10x.o(.text)
    USART2_IRQHandler                        0x0800019f   Thumb Code     0  stm32f10x.o(.text)
    USART3_IRQHandler                        0x0800019f   Thumb Code     0  stm32f10x.o(.text)
    USBWakeUp_IRQHandler                     0x0800019f   Thumb Code     0  stm32f10x.o(.text)
    USB_HP_CAN_TX_IRQHandler                 0x0800019f   Thumb Code     0  stm32f10x.o(.text)
    USB_LP_CAN_RX0_IRQHandler                0x0800019f   Thumb Code     0  stm32f10x.o(.text)
    WWDG_IRQHandler                          0x0800019f   Thumb Code     0  stm32f10x.o(.text)
    SystemInit                               0x080001a5   Thumb Code   288  system_stm32f10x_cl.o(.text)
    GPIO_DeInit                              0x080002ed   Thumb Code   238  stm32f10x_gpio.o(.text)
    GPIO_AFIODeInit                          0x080003db   Thumb Code    22  stm32f10x_gpio.o(.text)
    GPIO_Init                                0x080003f1   Thumb Code   288  stm32f10x_gpio.o(.text)
    GPIO_StructInit                          0x08000511   Thumb Code    16  stm32f10x_gpio.o(.text)
    GPIO_ReadInputDataBit                    0x08000521   Thumb Code   162  stm32f10x_gpio.o(.text)
    GPIO_ReadInputData                       0x080005c3   Thumb Code    62  stm32f10x_gpio.o(.text)
    GPIO_ReadOutputDataBit                   0x08000601   Thumb Code   162  stm32f10x_gpio.o(.text)
    GPIO_ReadOutputData                      0x080006a3   Thumb Code   122  stm32f10x_gpio.o(.text)
    GPIO_SetBits                             0x0800071d   Thumb Code    78  stm32f10x_gpio.o(.text)
    GPIO_ResetBits                           0x0800076b   Thumb Code    78  stm32f10x_gpio.o(.text)
    GPIO_WriteBit                            0x080007b9   Thumb Code   182  stm32f10x_gpio.o(.text)
    GPIO_Write                               0x0800086f   Thumb Code    64  stm32f10x_gpio.o(.text)
    GPIO_PinLockConfig                       0x080008af   Thumb Code    90  stm32f10x_gpio.o(.text)
    GPIO_EventOutputConfig                   0x08000909   Thumb Code   132  stm32f10x_gpio.o(.text)
    GPIO_EventOutputCmd                      0x0800098d   Thumb Code    30  stm32f10x_gpio.o(.text)
    GPIO_PinRemapConfig                      0x080009ab   Thumb Code   272  stm32f10x_gpio.o(.text)
    GPIO_EXTILineConfig                      0x08000abb   Thumb Code   236  stm32f10x_gpio.o(.text)
    GPIO_ETH_MediaInterfaceConfig            0x08000ba7   Thumb Code    30  stm32f10x_gpio.o(.text)
    RCC_DeInit                               0x08000bcd   Thumb Code    62  stm32f10x_rcc.o(.text)
    RCC_HSEConfig                            0x08000c0b   Thumb Code    78  stm32f10x_rcc.o(.text)
    RCC_GetFlagStatus                        0x08000c59   Thumb Code   108  stm32f10x_rcc.o(.text)
    RCC_WaitForHSEStartUp                    0x08000cc5   Thumb Code    40  stm32f10x_rcc.o(.text)
    RCC_AdjustHSICalibrationValue            0x08000ced   Thumb Code    34  stm32f10x_rcc.o(.text)
    RCC_HSICmd                               0x08000d0f   Thumb Code    28  stm32f10x_rcc.o(.text)
    RCC_PLLConfig                            0x08000d2b   Thumb Code    94  stm32f10x_rcc.o(.text)
    RCC_PLLCmd                               0x08000d89   Thumb Code    28  stm32f10x_rcc.o(.text)
    RCC_PREDIV1Config                        0x08000da5   Thumb Code   114  stm32f10x_rcc.o(.text)
    RCC_PREDIV2Config                        0x08000e17   Thumb Code    92  stm32f10x_rcc.o(.text)
    RCC_PLL2Config                           0x08000e73   Thumb Code    82  stm32f10x_rcc.o(.text)
    RCC_PLL2Cmd                              0x08000ec5   Thumb Code    28  stm32f10x_rcc.o(.text)
    RCC_PLL3Config                           0x08000ee1   Thumb Code    82  stm32f10x_rcc.o(.text)
    RCC_PLL3Cmd                              0x08000f33   Thumb Code    28  stm32f10x_rcc.o(.text)
    RCC_SYSCLKConfig                         0x08000f4f   Thumb Code    40  stm32f10x_rcc.o(.text)
    RCC_GetSYSCLKSource                      0x08000f77   Thumb Code    10  stm32f10x_rcc.o(.text)
    RCC_HCLKConfig                           0x08000f81   Thumb Code   116  stm32f10x_rcc.o(.text)
    RCC_PCLK1Config                          0x08000ff5   Thumb Code    58  stm32f10x_rcc.o(.text)
    RCC_PCLK2Config                          0x0800102f   Thumb Code    60  stm32f10x_rcc.o(.text)
    RCC_ITConfig                             0x0800106b   Thumb Code    64  stm32f10x_rcc.o(.text)
    RCC_OTGFSCLKConfig                       0x080010ab   Thumb Code    30  stm32f10x_rcc.o(.text)
    RCC_ADCCLKConfig                         0x080010c9   Thumb Code    52  stm32f10x_rcc.o(.text)
    RCC_I2S2CLKConfig                        0x080010fd   Thumb Code    30  stm32f10x_rcc.o(.text)
    RCC_I2S3CLKConfig                        0x0800111b   Thumb Code    32  stm32f10x_rcc.o(.text)
    RCC_LSEConfig                            0x0800113b   Thumb Code    64  stm32f10x_rcc.o(.text)
    RCC_LSICmd                               0x0800117b   Thumb Code    30  stm32f10x_rcc.o(.text)
    RCC_RTCCLKConfig                         0x08001199   Thumb Code    44  stm32f10x_rcc.o(.text)
    RCC_RTCCLKCmd                            0x080011c5   Thumb Code    32  stm32f10x_rcc.o(.text)
    RCC_GetClocksFreq                        0x080011e5   Thumb Code   198  stm32f10x_rcc.o(.text)
    RCC_AHBPeriphClockCmd                    0x080012ab   Thumb Code    64  stm32f10x_rcc.o(.text)
    RCC_APB2PeriphClockCmd                   0x080012eb   Thumb Code    68  stm32f10x_rcc.o(.text)
    RCC_APB1PeriphClockCmd                   0x0800132f   Thumb Code    64  stm32f10x_rcc.o(.text)
    RCC_AHBPeriphResetCmd                    0x0800136f   Thumb Code    64  stm32f10x_rcc.o(.text)
    RCC_APB2PeriphResetCmd                   0x080013af   Thumb Code    68  stm32f10x_rcc.o(.text)
    RCC_APB1PeriphResetCmd                   0x080013f3   Thumb Code   106  stm32f10x_rcc.o(.text)
    RCC_BackupResetCmd                       0x0800145d   Thumb Code    30  stm32f10x_rcc.o(.text)
    RCC_ClockSecuritySystemCmd               0x0800147b   Thumb Code    30  stm32f10x_rcc.o(.text)
    RCC_MCOConfig                            0x08001499   Thumb Code    58  stm32f10x_rcc.o(.text)
    RCC_ClearFlag                            0x080014d3   Thumb Code    12  stm32f10x_rcc.o(.text)
    RCC_GetITStatus                          0x080014df   Thumb Code    64  stm32f10x_rcc.o(.text)
    RCC_ClearITPendingBit                    0x0800151f   Thumb Code    26  stm32f10x_rcc.o(.text)
    I2C_WriteDeviceRegister                  0x08001575   Thumb Code   224  stm3210c_eval_ioe.o(.text)
    I2C_ReadDeviceRegister                   0x08001655   Thumb Code   328  stm3210c_eval_ioe.o(.text)
    IOE_TempSens_Config                      0x0800179d   Thumb Code    46  stm3210c_eval_ioe.o(.text)
    IOE_IOEdgeConfig                         0x080017cb   Thumb Code    72  stm3210c_eval_ioe.o(.text)
    IOE_IOAFConfig                           0x08001813   Thumb Code    40  stm3210c_eval_ioe.o(.text)
    IOE_IOPinConfig                          0x0800183b   Thumb Code    40  stm3210c_eval_ioe.o(.text)
    IOE_WriteIOPin                           0x08001863   Thumb Code    50  stm3210c_eval_ioe.o(.text)
    IOE_FnctCmd                              0x08001895   Thumb Code    40  stm3210c_eval_ioe.o(.text)
    IOE_TS_Config                            0x080018cb   Thumb Code   208  stm3210c_eval_ioe.o(.text)
    IOE_Reset                                0x0800199b   Thumb Code    34  stm3210c_eval_ioe.o(.text)
    IOE_ReadID                               0x080019bd   Thumb Code    32  stm3210c_eval_ioe.o(.text)
    IOE_IsOperational                        0x080019dd   Thumb Code    34  stm3210c_eval_ioe.o(.text)
    IOE_Config                               0x08001a5f   Thumb Code   198  stm3210c_eval_ioe.o(.text)
    IOE_GITConfig                            0x08001b83   Thumb Code    40  stm3210c_eval_ioe.o(.text)
    IOE_GITCmd                               0x08001bab   Thumb Code    34  stm3210c_eval_ioe.o(.text)
    IOE_IOITConfig                           0x08001bcd   Thumb Code    40  stm3210c_eval_ioe.o(.text)
    IOE_ITOutConfig                          0x08001bf5   Thumb Code    60  stm3210c_eval_ioe.o(.text)
    IOE_ITConfig                             0x08001c31   Thumb Code   166  stm3210c_eval_ioe.o(.text)
    IOE_ReadIOPin                            0x08001cd7   Thumb Code    44  stm3210c_eval_ioe.o(.text)
    IOE_JoyStickGetState                     0x08001d03   Thumb Code    66  stm3210c_eval_ioe.o(.text)
    I2C_ReadDataBuffer                       0x08001d45   Thumb Code   354  stm3210c_eval_ioe.o(.text)
    IOE_TS_GetState                          0x08001f05   Thumb Code   106  stm3210c_eval_ioe.o(.text)
    IOE_TempSens_GetData                     0x08001f6f   Thumb Code    78  stm3210c_eval_ioe.o(.text)
    IOE_GetGITStatus                         0x08001fbd   Thumb Code    22  stm3210c_eval_ioe.o(.text)
    IOE_ClearGITPending                      0x08001fd3   Thumb Code    14  stm3210c_eval_ioe.o(.text)
    IOE_GetIOITStatus                        0x08001fe1   Thumb Code    22  stm3210c_eval_ioe.o(.text)
    IOE_ClearIOITPending                     0x08001ff7   Thumb Code    46  stm3210c_eval_ioe.o(.text)
    I2C_DeInit                               0x08002031   Thumb Code    72  stm32f10x_i2c.o(.text)
    I2C_Init                                 0x08002079   Thumb Code   318  stm32f10x_i2c.o(.text)
    I2C_StructInit                           0x080021b7   Thumb Code    28  stm32f10x_i2c.o(.text)
    I2C_Cmd                                  0x080021d3   Thumb Code    66  stm32f10x_i2c.o(.text)
    I2C_DMACmd                               0x08002215   Thumb Code    66  stm32f10x_i2c.o(.text)
    I2C_DMALastTransferCmd                   0x08002257   Thumb Code    66  stm32f10x_i2c.o(.text)
    I2C_GenerateSTART                        0x08002299   Thumb Code    66  stm32f10x_i2c.o(.text)
    I2C_GenerateSTOP                         0x080022db   Thumb Code    66  stm32f10x_i2c.o(.text)
    I2C_AcknowledgeConfig                    0x0800231d   Thumb Code    66  stm32f10x_i2c.o(.text)
    I2C_OwnAddress2Config                    0x0800235f   Thumb Code    44  stm32f10x_i2c.o(.text)
    I2C_DualAddressCmd                       0x0800238b   Thumb Code    66  stm32f10x_i2c.o(.text)
    I2C_GeneralCallCmd                       0x080023cd   Thumb Code    66  stm32f10x_i2c.o(.text)
    I2C_ITConfig                             0x0800240f   Thumb Code   140  stm32f10x_i2c.o(.text)
    I2C_SendData                             0x0800249b   Thumb Code    34  stm32f10x_i2c.o(.text)
    I2C_ReceiveData                          0x080024bd   Thumb Code    34  stm32f10x_i2c.o(.text)
    I2C_Send7bitAddress                      0x080024df   Thumb Code    66  stm32f10x_i2c.o(.text)
    I2C_ReadRegister                         0x08002521   Thumb Code    82  stm32f10x_i2c.o(.text)
    I2C_SoftwareResetCmd                     0x08002573   Thumb Code    70  stm32f10x_i2c.o(.text)
    I2C_SMBusAlertConfig                     0x080025b9   Thumb Code    82  stm32f10x_i2c.o(.text)
    I2C_TransmitPEC                          0x0800260b   Thumb Code    70  stm32f10x_i2c.o(.text)
    I2C_PECPositionConfig                    0x08002651   Thumb Code    82  stm32f10x_i2c.o(.text)
    I2C_CalculatePEC                         0x080026a3   Thumb Code    70  stm32f10x_i2c.o(.text)
    I2C_GetPEC                               0x080026e9   Thumb Code    34  stm32f10x_i2c.o(.text)
    I2C_ARPCmd                               0x0800270b   Thumb Code    70  stm32f10x_i2c.o(.text)
    I2C_StretchClockCmd                      0x08002751   Thumb Code    70  stm32f10x_i2c.o(.text)
    I2C_FastModeDutyCycleConfig              0x08002797   Thumb Code    82  stm32f10x_i2c.o(.text)
    I2C_GetLastEvent                         0x080027e9   Thumb Code    42  stm32f10x_i2c.o(.text)
    I2C_CheckEvent                           0x08002813   Thumb Code   210  stm32f10x_i2c.o(.text)
    I2C_GetFlagStatus                        0x080028e5   Thumb Code   192  stm32f10x_i2c.o(.text)
    I2C_ClearFlag                            0x080029a5   Thumb Code    58  stm32f10x_i2c.o(.text)
    I2C_GetITStatus                          0x080029df   Thumb Code   152  stm32f10x_i2c.o(.text)
    I2C_ClearITPendingBit                    0x08002a77   Thumb Code    58  stm32f10x_i2c.o(.text)
    EXTI_DeInit                              0x08002aed   Thumb Code    28  stm32f10x_exti.o(.text)
    EXTI_Init                                0x08002b09   Thumb Code   184  stm32f10x_exti.o(.text)
    EXTI_StructInit                          0x08002bc1   Thumb Code    14  stm32f10x_exti.o(.text)
    EXTI_GenerateSWInterrupt                 0x08002bcf   Thumb Code    30  stm32f10x_exti.o(.text)
    EXTI_GetFlagStatus                       0x08002bed   Thumb Code   134  stm32f10x_exti.o(.text)
    EXTI_ClearFlag                           0x08002c73   Thumb Code    26  stm32f10x_exti.o(.text)
    EXTI_GetITStatus                         0x08002c8d   Thumb Code   142  stm32f10x_exti.o(.text)
    EXTI_ClearITPendingBit                   0x08002d1b   Thumb Code    26  stm32f10x_exti.o(.text)
    NVIC_PriorityGroupConfig                 0x08002d5d   Thumb Code    52  misc.o(.text)
    NVIC_Init                                0x08002d91   Thumb Code   140  misc.o(.text)
    NVIC_SetVectorTable                      0x08002e1d   Thumb Code    54  misc.o(.text)
    NVIC_SystemLPConfig                      0x08002e53   Thumb Code    62  misc.o(.text)
    SysTick_CLKSourceConfig                  0x08002e91   Thumb Code    48  misc.o(.text)
    GLCD_init                                0x08002f27   Thumb Code   608  glcd.o(.text)
    GLCD_putPixel                            0x08003187   Thumb Code    38  glcd.o(.text)
    GLCD_drawLine                            0x080031ad   Thumb Code    94  glcd.o(.text)
    GLCD_drawRect                            0x0800320b   Thumb Code    66  glcd.o(.text)
    GLCD_fillRect                            0x0800324d   Thumb Code    42  glcd.o(.text)
    GLCD_setTextColor                        0x08003277   Thumb Code     6  glcd.o(.text)
    GLCD_setBackColor                        0x0800327d   Thumb Code     6  glcd.o(.text)
    GLCD_clear                               0x08003283   Thumb Code    46  glcd.o(.text)
    GLCD_drawChar                            0x080032b1   Thumb Code   140  glcd.o(.text)
    GLCD_displayChar                         0x0800333d   Thumb Code    16  glcd.o(.text)
    GLCD_displayStringLn                     0x0800334d   Thumb Code    42  glcd.o(.text)
    GLCD_clearLn                             0x08003377   Thumb Code     4  glcd.o(.text)
    GLCD_bitmap                              0x0800337b   Thumb Code   104  glcd.o(.text)
    ADC_DeInit                               0x08003471   Thumb Code   114  stm32f10x_adc.o(.text)
    ADC_Init                                 0x080034e3   Thumb Code   280  stm32f10x_adc.o(.text)
    ADC_StructInit                           0x080035fb   Thumb Code    18  stm32f10x_adc.o(.text)
    ADC_Cmd                                  0x0800360d   Thumb Code    72  stm32f10x_adc.o(.text)
    ADC_DMACmd                               0x08003655   Thumb Code    66  stm32f10x_adc.o(.text)
    ADC_ITConfig                             0x08003697   Thumb Code    90  stm32f10x_adc.o(.text)
    ADC_ResetCalibration                     0x080036f1   Thumb Code    42  stm32f10x_adc.o(.text)
    ADC_GetResetCalibrationStatus            0x0800371b   Thumb Code    46  stm32f10x_adc.o(.text)
    ADC_StartCalibration                     0x08003749   Thumb Code    42  stm32f10x_adc.o(.text)
    ADC_GetCalibrationStatus                 0x08003773   Thumb Code    46  stm32f10x_adc.o(.text)
    ADC_SoftwareStartConvCmd                 0x080037a1   Thumb Code    72  stm32f10x_adc.o(.text)
    ADC_GetSoftwareStartConvStatus           0x080037e9   Thumb Code    46  stm32f10x_adc.o(.text)
    ADC_DiscModeChannelCountConfig           0x08003817   Thumb Code   118  stm32f10x_adc.o(.text)
    ADC_DiscModeCmd                          0x0800388d   Thumb Code    76  stm32f10x_adc.o(.text)
    ADC_RegularChannelConfig                 0x080038d9   Thumb Code   298  stm32f10x_adc.o(.text)
    ADC_ExternalTrigConvCmd                  0x08003a03   Thumb Code    76  stm32f10x_adc.o(.text)
    ADC_GetConversionValue                   0x08003a4f   Thumb Code    40  stm32f10x_adc.o(.text)
    ADC_GetDualModeConversionValue           0x08003a77   Thumb Code     8  stm32f10x_adc.o(.text)
    ADC_AutoInjectedConvCmd                  0x08003a7f   Thumb Code    76  stm32f10x_adc.o(.text)
    ADC_InjectedDiscModeCmd                  0x08003acb   Thumb Code    76  stm32f10x_adc.o(.text)
    ADC_ExternalTrigInjectedConvConfig       0x08003b17   Thumb Code   104  stm32f10x_adc.o(.text)
    ADC_ExternalTrigInjectedConvCmd          0x08003b7f   Thumb Code    76  stm32f10x_adc.o(.text)
    ADC_SoftwareStartInjectedConvCmd         0x08003bcb   Thumb Code    76  stm32f10x_adc.o(.text)
    ADC_GetSoftwareStartInjectedConvCmdStatus 0x08003c17   Thumb Code    48  stm32f10x_adc.o(.text)
    ADC_InjectedChannelConfig                0x08003c47   Thumb Code   270  stm32f10x_adc.o(.text)
    ADC_InjectedSequencerLengthConfig        0x08003d55   Thumb Code    70  stm32f10x_adc.o(.text)
    ADC_SetInjectedOffset                    0x08003d9b   Thumb Code    90  stm32f10x_adc.o(.text)
    ADC_GetInjectedConversionValue           0x08003df5   Thumb Code    72  stm32f10x_adc.o(.text)
    ADC_AnalogWatchdogCmd                    0x08003e3d   Thumb Code   100  stm32f10x_adc.o(.text)
    ADC_AnalogWatchdogThresholdsConfig       0x08003ea1   Thumb Code    82  stm32f10x_adc.o(.text)
    ADC_AnalogWatchdogSingleChannelConfig    0x08003ef3   Thumb Code   130  stm32f10x_adc.o(.text)
    ADC_TempSensorVrefintCmd                 0x08003f75   Thumb Code    50  stm32f10x_adc.o(.text)
    ADC_GetFlagStatus                        0x08003fa7   Thumb Code    82  stm32f10x_adc.o(.text)
    ADC_ClearFlag                            0x08003ff9   Thumb Code    60  stm32f10x_adc.o(.text)
    ADC_GetITStatus                          0x08004035   Thumb Code    90  stm32f10x_adc.o(.text)
    ADC_ClearITPendingBit                    0x0800408f   Thumb Code    64  stm32f10x_adc.o(.text)
    BKP_DeInit                               0x080040e9   Thumb Code    18  stm32f10x_bkp.o(.text)
    BKP_TamperPinLevelConfig                 0x080040fb   Thumb Code    26  stm32f10x_bkp.o(.text)
    BKP_TamperPinCmd                         0x08004115   Thumb Code    28  stm32f10x_bkp.o(.text)
    BKP_ITConfig                             0x08004131   Thumb Code    28  stm32f10x_bkp.o(.text)
    BKP_RTCOutputConfig                      0x0800414d   Thumb Code    46  stm32f10x_bkp.o(.text)
    BKP_SetRTCCalibrationValue               0x0800417b   Thumb Code    30  stm32f10x_bkp.o(.text)
    BKP_WriteBackupRegister                  0x08004199   Thumb Code   192  stm32f10x_bkp.o(.text)
    BKP_ReadBackupRegister                   0x08004259   Thumb Code   190  stm32f10x_bkp.o(.text)
    BKP_GetFlagStatus                        0x08004317   Thumb Code    10  stm32f10x_bkp.o(.text)
    BKP_ClearFlag                            0x08004321   Thumb Code    14  stm32f10x_bkp.o(.text)
    BKP_GetITStatus                          0x0800432f   Thumb Code    10  stm32f10x_bkp.o(.text)
    BKP_ClearITPendingBit                    0x08004339   Thumb Code    14  stm32f10x_bkp.o(.text)
    RTC_ITConfig                             0x08004371   Thumb Code    54  stm32f10x_rtc.o(.text)
    RTC_EnterConfigMode                      0x080043a7   Thumb Code    14  stm32f10x_rtc.o(.text)
    RTC_ExitConfigMode                       0x080043b5   Thumb Code    14  stm32f10x_rtc.o(.text)
    RTC_GetCounter                           0x080043c3   Thumb Code    18  stm32f10x_rtc.o(.text)
    RTC_SetCounter                           0x080043d5   Thumb Code    26  stm32f10x_rtc.o(.text)
    RTC_SetPrescaler                         0x080043ef   Thumb Code    42  stm32f10x_rtc.o(.text)
    RTC_SetAlarm                             0x08004419   Thumb Code    26  stm32f10x_rtc.o(.text)
    RTC_GetDivider                           0x08004433   Thumb Code    20  stm32f10x_rtc.o(.text)
    RTC_WaitForLastTask                      0x08004447   Thumb Code    12  stm32f10x_rtc.o(.text)
    RTC_WaitForSynchro                       0x08004453   Thumb Code    20  stm32f10x_rtc.o(.text)
    RTC_GetFlagStatus                        0x08004467   Thumb Code    50  stm32f10x_rtc.o(.text)
    RTC_ClearFlag                            0x08004499   Thumb Code    32  stm32f10x_rtc.o(.text)
    RTC_GetITStatus                          0x080044b9   Thumb Code    54  stm32f10x_rtc.o(.text)
    RTC_ClearITPendingBit                    0x080044ef   Thumb Code    32  stm32f10x_rtc.o(.text)
    PWR_DeInit                               0x08004535   Thumb Code    24  stm32f10x_pwr.o(.text)
    PWR_BackupAccessCmd                      0x0800454d   Thumb Code    26  stm32f10x_pwr.o(.text)
    PWR_PVDCmd                               0x08004567   Thumb Code    26  stm32f10x_pwr.o(.text)
    PWR_PVDLevelConfig                       0x08004581   Thumb Code    58  stm32f10x_pwr.o(.text)
    PWR_WakeUpPinCmd                         0x080045bb   Thumb Code    28  stm32f10x_pwr.o(.text)
    PWR_EnterSTOPMode                        0x080045d7   Thumb Code    72  stm32f10x_pwr.o(.text)
    PWR_EnterSTANDBYMode                     0x0800461f   Thumb Code    32  stm32f10x_pwr.o(.text)
    PWR_GetFlagStatus                        0x0800463f   Thumb Code    42  stm32f10x_pwr.o(.text)
    PWR_ClearFlag                            0x08004669   Thumb Code    34  stm32f10x_pwr.o(.text)
    USART_DeInit                             0x080046b9   Thumb Code   182  stm32f10x_usart.o(.text)
    USART_Init                               0x0800476f   Thumb Code   338  stm32f10x_usart.o(.text)
    USART_StructInit                         0x080048c1   Thumb Code    22  stm32f10x_usart.o(.text)
    USART_ClockInit                          0x080048d7   Thumb Code   142  stm32f10x_usart.o(.text)
    USART_ClockStructInit                    0x08004965   Thumb Code    12  stm32f10x_usart.o(.text)
    USART_Cmd                                0x08004971   Thumb Code    84  stm32f10x_usart.o(.text)
    USART_ITConfig                           0x080049c5   Thumb Code   268  stm32f10x_usart.o(.text)
    USART_DMACmd                             0x08004ad1   Thumb Code   100  stm32f10x_usart.o(.text)
    USART_SetAddress                         0x08004b35   Thumb Code    80  stm32f10x_usart.o(.text)
    USART_WakeUpConfig                       0x08004b85   Thumb Code    84  stm32f10x_usart.o(.text)
    USART_ReceiverWakeUpCmd                  0x08004bd9   Thumb Code    88  stm32f10x_usart.o(.text)
    USART_LINBreakDetectLengthConfig         0x08004c31   Thumb Code    82  stm32f10x_usart.o(.text)
    USART_LINCmd                             0x08004c83   Thumb Code    88  stm32f10x_usart.o(.text)
    USART_SendData                           0x08004cdb   Thumb Code    74  stm32f10x_usart.o(.text)
    USART_ReceiveData                        0x08004d25   Thumb Code    54  stm32f10x_usart.o(.text)
    USART_SendBreak                          0x08004d5b   Thumb Code    56  stm32f10x_usart.o(.text)
    USART_SetGuardTime                       0x08004d93   Thumb Code    52  stm32f10x_usart.o(.text)
    USART_SetPrescaler                       0x08004dc7   Thumb Code    64  stm32f10x_usart.o(.text)
    USART_SmartCardCmd                       0x08004e07   Thumb Code    76  stm32f10x_usart.o(.text)
    USART_SmartCardNACKCmd                   0x08004e53   Thumb Code    76  stm32f10x_usart.o(.text)
    USART_HalfDuplexCmd                      0x08004e9f   Thumb Code   110  stm32f10x_usart.o(.text)
    USART_IrDAConfig                         0x08004f0d   Thumb Code    82  stm32f10x_usart.o(.text)
    USART_IrDACmd                            0x08004f5f   Thumb Code    88  stm32f10x_usart.o(.text)
    USART_GetFlagStatus                      0x08004fb7   Thumb Code   154  stm32f10x_usart.o(.text)
    USART_ClearFlag                          0x08005051   Thumb Code   108  stm32f10x_usart.o(.text)
    USART_GetITStatus                        0x080050bd   Thumb Code   224  stm32f10x_usart.o(.text)
    USART_ClearITPendingBit                  0x0800519d   Thumb Code   138  stm32f10x_usart.o(.text)
    prvSetupHardware                         0x0800523d   Thumb Code   336  setup.o(.text)
    LED_out                                  0x0800538d   Thumb Code    70  setup.o(.text)
    assert_failed                            0x080053d3   Thumb Code    10  setup.o(.text)
    Sci_Send                                 0x080053dd   Thumb Code    22  setup.o(.text)
    printk                                   0x080053f3   Thumb Code    66  setup.o(.text)
    map                                      0x0800547d   Thumb Code    20  main.o(.text)
    wifi_init                                0x080055f9   Thumb Code    66  main.o(.text)
    main                                     0x08005793   Thumb Code   186  main.o(.text)
    initDisplay                              0x08005949   Thumb Code    18  graphics.o(.text)
    Draw_line                                0x0800595b   Thumb Code   118  graphics.o(.text)
    ADC_Configuration                        0x080059d1   Thumb Code   106  adc.o(.text)
    readADC1                                 0x08005a3b   Thumb Code    46  adc.o(.text)
    RTC_Configuration                        0x08005a6d   Thumb Code    88  rtc.o(.text)
    Time_Regulate                            0x08005ac5   Thumb Code     6  rtc.o(.text)
    Time_Adjust                              0x08005acb   Thumb Code    22  rtc.o(.text)
    STM_EVAL_COMInit                         0x08005ae1   Thumb Code    48  uart.o(.text)
    USART_init                               0x08005b11   Thumb Code    28  uart.o(.text)
    fputc                                    0x08005b2d   Thumb Code    30  uart.o(.text)
    pvPortMalloc                             0x08005b5d   Thumb Code   170  heap_2.o(.text)
    vPortFree                                0x08005c07   Thumb Code    58  heap_2.o(.text)
    xPortGetFreeHeapSize                     0x08005c41   Thumb Code     6  heap_2.o(.text)
    vPortInitialiseBlocks                    0x08005c47   Thumb Code     2  heap_2.o(.text)
    vListInitialise                          0x08005c51   Thumb Code    22  list.o(.text)
    vListInitialiseItem                      0x08005c67   Thumb Code     6  list.o(.text)
    vListInsertEnd                           0x08005c6d   Thumb Code    28  list.o(.text)
    vListInsert                              0x08005c89   Thumb Code    48  list.o(.text)
    vListRemove                              0x08005cb9   Thumb Code    36  list.o(.text)
    pxPortInitialiseStack                    0x08005cdd   Thumb Code    24  port.o(.text)
    xPortStartScheduler                      0x08005d03   Thumb Code    38  port.o(.text)
    vPortEndScheduler                        0x08005d29   Thumb Code     2  port.o(.text)
    vPortYieldFromISR                        0x08005d2b   Thumb Code    12  port.o(.text)
    vPortEnterCritical                       0x08005d37   Thumb Code    16  port.o(.text)
    vPortExitCritical                        0x08005d47   Thumb Code    18  port.o(.text)
    xPortSysTickHandler                      0x08005d59   Thumb Code    28  port.o(.text)
    xQueueCreate                             0x08005d81   Thumb Code    96  queue.o(.text)
    xQueueGenericSend                        0x08005ebf   Thumb Code   200  queue.o(.text)
    xQueueCreateMutex                        0x08005f87   Thumb Code    68  queue.o(.text)
    xQueueGenericSendFromISR                 0x08005fcb   Thumb Code    82  queue.o(.text)
    xQueueGenericReceive                     0x0800605f   Thumb Code   260  queue.o(.text)
    xQueueReceiveFromISR                     0x08006163   Thumb Code    78  queue.o(.text)
    uxQueueMessagesWaiting                   0x080061b1   Thumb Code    18  queue.o(.text)
    uxQueueMessagesWaitingFromISR            0x080061c3   Thumb Code     4  queue.o(.text)
    vQueueDelete                             0x080061c7   Thumb Code    20  queue.o(.text)
    xQueueIsQueueEmptyFromISR                0x080061db   Thumb Code    14  queue.o(.text)
    xQueueIsQueueFullFromISR                 0x080061e9   Thumb Code    16  queue.o(.text)
    xTaskGenericCreate                       0x080062b7   Thumb Code   206  tasks.o(.text)
    vTaskDelete                              0x08006385   Thumb Code    90  tasks.o(.text)
    vTaskIncrementTick                       0x080063df   Thumb Code   118  tasks.o(.text)
    xTaskResumeAll                           0x08006455   Thumb Code   168  tasks.o(.text)
    vTaskSuspendAll                          0x080064fd   Thumb Code    10  tasks.o(.text)
    vTaskDelayUntil                          0x08006507   Thumb Code   112  tasks.o(.text)
    vTaskDelay                               0x08006577   Thumb Code    78  tasks.o(.text)
    uxTaskPriorityGet                        0x080065c5   Thumb Code    32  tasks.o(.text)
    vTaskPrioritySet                         0x080065e5   Thumb Code   146  tasks.o(.text)
    vTaskSwitchContext                       0x08006677   Thumb Code    74  tasks.o(.text)
    vTaskSuspend                             0x080066c1   Thumb Code    92  tasks.o(.text)
    xTaskIsTaskSuspended                     0x0800671d   Thumb Code    30  tasks.o(.text)
    vTaskResume                              0x0800673b   Thumb Code    86  tasks.o(.text)
    xTaskResumeFromISR                       0x08006791   Thumb Code    88  tasks.o(.text)
    vTaskStartScheduler                      0x08006863   Thumb Code    50  tasks.o(.text)
    vTaskEndScheduler                        0x08006895   Thumb Code    20  tasks.o(.text)
    xTaskGetTickCount                        0x080068a9   Thumb Code    18  tasks.o(.text)
    xTaskGetTickCountFromISR                 0x080068bb   Thumb Code     6  tasks.o(.text)
    uxTaskGetNumberOfTasks                   0x080068c1   Thumb Code     6  tasks.o(.text)
    vTaskPlaceOnEventList                    0x080068c7   Thumb Code    84  tasks.o(.text)
    xTaskRemoveFromEventList                 0x0800691b   Thumb Code    94  tasks.o(.text)
    vTaskSetTimeOutState                     0x08006979   Thumb Code    12  tasks.o(.text)
    xTaskCheckForTimeOut                     0x08006985   Thumb Code    80  tasks.o(.text)
    vTaskMissedYield                         0x080069d5   Thumb Code     8  tasks.o(.text)
    xTaskGetCurrentTaskHandle                0x080069dd   Thumb Code     6  tasks.o(.text)
    vTaskPriorityInherit                     0x080069e3   Thumb Code   114  tasks.o(.text)
    vTaskPriorityDisinherit                  0x08006a55   Thumb Code    66  tasks.o(.text)
    __aeabi_memcpy                           0x08006aa1   Thumb Code    36  memcpya.o(.text)
    __aeabi_memcpy4                          0x08006aa1   Thumb Code     0  memcpya.o(.text)
    __aeabi_memcpy8                          0x08006aa1   Thumb Code     0  memcpya.o(.text)
    __aeabi_memset                           0x08006ac5   Thumb Code    14  memseta.o(.text)
    __aeabi_memset4                          0x08006ac5   Thumb Code     0  memseta.o(.text)
    __aeabi_memset8                          0x08006ac5   Thumb Code     0  memseta.o(.text)
    __aeabi_memclr                           0x08006ad3   Thumb Code     4  memseta.o(.text)
    __aeabi_memclr4                          0x08006ad3   Thumb Code     0  memseta.o(.text)
    __aeabi_memclr8                          0x08006ad3   Thumb Code     0  memseta.o(.text)
    _memset$wrapper                          0x08006ad7   Thumb Code    18  memseta.o(.text)
    strncpy                                  0x08006ae9   Thumb Code    24  strncpy.o(.text)
    strcpy                                   0x08006b01   Thumb Code    18  strcpy.o(.text)
    __aeabi_dmul                             0x08006b13   Thumb Code   228  dmul.o(.text)
    __aeabi_i2d                              0x08006bf7   Thumb Code    34  dflti.o(.text)
    __aeabi_d2uiz                            0x08006c19   Thumb Code    50  dfixui.o(.text)
    __aeabi_f2d                              0x08006c4b   Thumb Code    38  f2d.o(.text)
    __aeabi_d2f                              0x08006c71   Thumb Code    56  d2f.o(.text)
    __aeabi_uidiv                            0x08006ca9   Thumb Code     0  uidiv.o(.text)
    __aeabi_uidivmod                         0x08006ca9   Thumb Code    44  uidiv.o(.text)
    __aeabi_uldivmod                         0x08006cd5   Thumb Code    98  uldiv.o(.text)
    __aeabi_llsr                             0x08006d37   Thumb Code    32  llushr.o(.text)
    _ll_ushift_r                             0x08006d37   Thumb Code     0  llushr.o(.text)
    __I$use$fp                               0x08006d57   Thumb Code     0  iusefp.o(.text)
    _float_round                             0x08006d57   Thumb Code    18  fepilogue.o(.text)
    _float_epilogue                          0x08006d69   Thumb Code    90  fepilogue.o(.text)
    _double_round                            0x08006dc3   Thumb Code    26  depilogue.o(.text)
    _double_epilogue                         0x08006ddd   Thumb Code   164  depilogue.o(.text)
    __aeabi_dadd                             0x08006e81   Thumb Code   322  dadd.o(.text)
    __aeabi_dsub                             0x08006fc3   Thumb Code     6  dadd.o(.text)
    __aeabi_drsub                            0x08006fc9   Thumb Code     6  dadd.o(.text)
    __aeabi_ddiv                             0x08006fcf   Thumb Code   222  ddiv.o(.text)
    __aeabi_d2ulz                            0x080070ad   Thumb Code    48  dfixul.o(.text)
    __aeabi_cdrcmple                         0x080070dd   Thumb Code    38  cdrcmple.o(.text)
    __scatterload                            0x08007105   Thumb Code    28  init.o(.text)
    __scatterload_rt2                        0x08007105   Thumb Code     0  init.o(.text)
    __aeabi_llsl                             0x08007129   Thumb Code    30  llshl.o(.text)
    _ll_shift_l                              0x08007129   Thumb Code     0  llshl.o(.text)
    __aeabi_lasr                             0x08007147   Thumb Code    36  llsshr.o(.text)
    _ll_sshift_r                             0x08007147   Thumb Code     0  llsshr.o(.text)
    __decompress                             0x0800716b   Thumb Code     0  __dclz77c.o(.text)
    __decompress2                            0x0800716b   Thumb Code    96  __dclz77c.o(.text)
    __0printf                                0x080071cd   Thumb Code    22  printfa.o(i.__0printf)
    __1printf                                0x080071cd   Thumb Code     0  printfa.o(i.__0printf)
    __2printf                                0x080071cd   Thumb Code     0  printfa.o(i.__0printf)
    __c89printf                              0x080071cd   Thumb Code     0  printfa.o(i.__0printf)
    printf                                   0x080071cd   Thumb Code     0  printfa.o(i.__0printf)
    __0sprintf                               0x080071ed   Thumb Code    34  printfa.o(i.__0sprintf)
    __1sprintf                               0x080071ed   Thumb Code     0  printfa.o(i.__0sprintf)
    __2sprintf                               0x080071ed   Thumb Code     0  printfa.o(i.__0sprintf)
    __c89sprintf                             0x080071ed   Thumb Code     0  printfa.o(i.__0sprintf)
    sprintf                                  0x080071ed   Thumb Code     0  printfa.o(i.__0sprintf)
    __0vsprintf                              0x08007215   Thumb Code    30  printfa.o(i.__0vsprintf)
    __1vsprintf                              0x08007215   Thumb Code     0  printfa.o(i.__0vsprintf)
    __2vsprintf                              0x08007215   Thumb Code     0  printfa.o(i.__0vsprintf)
    __c89vsprintf                            0x08007215   Thumb Code     0  printfa.o(i.__0vsprintf)
    vsprintf                                 0x08007215   Thumb Code     0  printfa.o(i.__0vsprintf)
    __scatterload_copy                       0x08007239   Thumb Code    14  handlers.o(i.__scatterload_copy)
    __scatterload_null                       0x08007247   Thumb Code     2  handlers.o(i.__scatterload_null)
    __scatterload_zeroinit                   0x08007249   Thumb Code    14  handlers.o(i.__scatterload_zeroinit)
    free                                     0x08007b05   Thumb Code    76  malloc.o(i.free)
    malloc                                   0x08007b55   Thumb Code    92  malloc.o(i.malloc)
    Region$$Table$$Base                      0x08007cb0   Number         0  anon$$obj.o(Region$$Table)
    Region$$Table$$Limit                     0x08007cd0   Number         0  anon$$obj.o(Region$$Table)
    SystemFrequency                          0x20000000   Data           4  system_stm32f10x_cl.o(.data)
    SystemFrequency_SysClk                   0x20000004   Data           4  system_stm32f10x_cl.o(.data)
    SystemFrequency_AHBClk                   0x20000008   Data           4  system_stm32f10x_cl.o(.data)
    SystemFrequency_APB1Clk                  0x2000000c   Data           4  system_stm32f10x_cl.o(.data)
    SystemFrequency_APB2Clk                  0x20000010   Data           4  system_stm32f10x_cl.o(.data)
    TimeOut                                  0x20000028   Data           4  stm3210c_eval_ioe.o(.data)
    TS_State                                 0x20000038   Data           8  stm3210c_eval_ioe.o(.data)
    ASCII_Table                              0x20000046   Data        5376  glcd.o(.data)
    adc_value                                0x20001548   Data           2  main.o(.data)
    hp                                       0x2000154c   Data           4  main.o(.data)
    tp                                       0x20001550   Data           4  main.o(.data)
    ringBufferEntryCount                     0x20001554   Data           4  main.o(.data)
    seq                                      0x20001558   Data           4  main.o(.data)
    THH                                      0x2000155c   Data           4  main.o(.data)
    TMM                                      0x20001560   Data           4  main.o(.data)
    TSS                                      0x20001564   Data           4  main.o(.data)
    lcdLock                                  0x20001568   Data           4  main.o(.data)
    COM_USART                                0x2000156c   Data           4  uart.o(.data)
    pxCurrentTCB                             0x2000158c   Data           4  tasks.o(.data)
    __stdout                                 0x200015c4   Data           4  stdout.o(.data)
    __microlib_freelist                      0x200015c8   Data           4  mvars.o(.data)
    __microlib_freelist_initialised          0x200015cc   Data           4  mvars.o(.data)
    ringBuffer                               0x200015d0   Data        2200  main.o(.bss)
    data                                     0x20001e68   Data          20  main.o(.bss)
    time_string                              0x20001e7c   Data          30  main.o(.bss)
    uart                                     0x20001e9a   Data          30  main.o(.bss)
    USART_InitStructure                      0x20001eb8   Data          16  uart.o(.bss)
    __heap_base                              0x2000fb90   Data           0  stm32f10x.o(HEAP)
    __heap_limit                             0x2000fb90   Data           0  stm32f10x.o(HEAP)
    __initial_sp                             0x2000fd90   Data           0  stm32f10x.o(STACK)



==============================================================================

Memory Map of the image

  Image Entry point : 0x08000189

  Load Region LR_1 (Base: 0x08000000, Size: 0x000092a0, Max: 0xffffffff, ABSOLUTE, COMPRESSED[0x0000848c])

    Execution Region ER_RO (Base: 0x08000000, Size: 0x00007cd0, Max: 0xffffffff, ABSOLUTE)

    Base Addr    Size         Type   Attr      Idx    E Section Name        Object

    0x08000000   0x000000ec   Data   RO            3    RESET               stm32f10x.o
    0x080000ec   0x00000000   Code   RO          554  * .ARM.Collect$$$$00000000  mc_w.l(entry.o)
    0x080000ec   0x00000004   Code   RO          866    .ARM.Collect$$$$00000001  mc_w.l(entry2.o)
    0x080000f0   0x00000004   Code   RO          869    .ARM.Collect$$$$00000004  mc_w.l(entry5.o)
    0x080000f4   0x00000000   Code   RO          871    .ARM.Collect$$$$00000008  mc_w.l(entry7b.o)
    0x080000f4   0x00000008   Code   RO          872    .ARM.Collect$$$$00000009  mc_w.l(entry8.o)
    0x080000fc   0x00000004   Code   RO          867    .ARM.Collect$$$$00002712  mc_w.l(entry2.o)
    0x08000100   0x00000088   Code   RO          493    .emb_text           port.o
    0x08000188   0x0000001c   Code   RO            4  * .text               stm32f10x.o
    0x080001a4   0x00000148   Code   RO           10    .text               system_stm32f10x_cl.o
    0x080002ec   0x000008e0   Code   RO           39    .text               stm32f10x_gpio.o
    0x08000bcc   0x00000978   Code   RO           60    .text               stm32f10x_rcc.o
    0x08001544   0x00000aec   Code   RO           77    .text               stm3210c_eval_ioe.o
    0x08002030   0x00000abc   Code   RO          110    .text               stm32f10x_i2c.o
    0x08002aec   0x00000270   Code   RO          125    .text               stm32f10x_exti.o
    0x08002d5c   0x0000018c   Code   RO          140    .text               misc.o
    0x08002ee8   0x00000588   Code   RO          155    .text               glcd.o
    0x08003470   0x00000c78   Code   RO          176    .text               stm32f10x_adc.o
    0x080040e8   0x00000288   Code   RO          191    .text               stm32f10x_bkp.o
    0x08004370   0x000001c4   Code   RO          206    .text               stm32f10x_rtc.o
    0x08004534   0x00000184   Code   RO          221    .text               stm32f10x_pwr.o
    0x080046b8   0x00000b84   Code   RO          236    .text               stm32f10x_usart.o
    0x0800523c   0x00000240   Code   RO          251    .text               setup.o
    0x0800547c   0x000004cc   Code   RO          286    .text               main.o
    0x08005948   0x00000088   Code   RO          376    .text               graphics.o
    0x080059d0   0x0000009c   Code   RO          388    .text               adc.o
    0x08005a6c   0x00000074   Code   RO          400    .text               rtc.o
    0x08005ae0   0x0000007c   Code   RO          412    .text               uart.o
    0x08005b5c   0x000000f4   Code   RO          436    .text               heap_2.o
    0x08005c50   0x0000008c   Code   RO          481    .text               list.o
    0x08005cdc   0x000000a4   Code   RO          494    .text               port.o
    0x08005d80   0x00000478   Code   RO          514    .text               queue.o
    0x080061f8   0x000008a8   Code   RO          532    .text               tasks.o
    0x08006aa0   0x00000024   Code   RO          557    .text               mc_w.l(memcpya.o)
    0x08006ac4   0x00000024   Code   RO          559    .text               mc_w.l(memseta.o)
    0x08006ae8   0x00000018   Code   RO          561    .text               mc_w.l(strncpy.o)
    0x08006b00   0x00000012   Code   RO          563    .text               mc_w.l(strcpy.o)
    0x08006b12   0x000000e4   Code   RO          856    .text               mf_w.l(dmul.o)
    0x08006bf6   0x00000022   Code   RO          858    .text               mf_w.l(dflti.o)
    0x08006c18   0x00000032   Code   RO          860    .text               mf_w.l(dfixui.o)
    0x08006c4a   0x00000026   Code   RO          862    .text               mf_w.l(f2d.o)
    0x08006c70   0x00000038   Code   RO          864    .text               mf_w.l(d2f.o)
    0x08006ca8   0x0000002c   Code   RO          874    .text               mc_w.l(uidiv.o)
    0x08006cd4   0x00000062   Code   RO          876    .text               mc_w.l(uldiv.o)
    0x08006d36   0x00000020   Code   RO          878    .text               mc_w.l(llushr.o)
    0x08006d56   0x00000000   Code   RO          882    .text               mc_w.l(iusefp.o)
    0x08006d56   0x0000006c   Code   RO          883    .text               mf_w.l(fepilogue.o)
    0x08006dc2   0x000000be   Code   RO          885    .text               mf_w.l(depilogue.o)
    0x08006e80   0x0000014e   Code   RO          887    .text               mf_w.l(dadd.o)
    0x08006fce   0x000000de   Code   RO          889    .text               mf_w.l(ddiv.o)
    0x080070ac   0x00000030   Code   RO          891    .text               mf_w.l(dfixul.o)
    0x080070dc   0x00000028   Code   RO          893    .text               mf_w.l(cdrcmple.o)
    0x08007104   0x00000024   Code   RO          895    .text               mc_w.l(init.o)
    0x08007128   0x0000001e   Code   RO          897    .text               mc_w.l(llshl.o)
    0x08007146   0x00000024   Code   RO          899    .text               mc_w.l(llsshr.o)
    0x0800716a   0x00000060   Code   RO          909    .text               mc_w.l(__dclz77c.o)
    0x080071ca   0x00000002   PAD
    0x080071cc   0x00000020   Code   RO          800    i.__0printf         mc_w.l(printfa.o)
    0x080071ec   0x00000028   Code   RO          802    i.__0sprintf        mc_w.l(printfa.o)
    0x08007214   0x00000024   Code   RO          806    i.__0vsprintf       mc_w.l(printfa.o)
    0x08007238   0x0000000e   Code   RO          903    i.__scatterload_copy  mc_w.l(handlers.o)
    0x08007246   0x00000002   Code   RO          904    i.__scatterload_null  mc_w.l(handlers.o)
    0x08007248   0x0000000e   Code   RO          905    i.__scatterload_zeroinit  mc_w.l(handlers.o)
    0x08007256   0x00000002   PAD
    0x08007258   0x0000015c   Code   RO          807    i._fp_digits        mc_w.l(printfa.o)
    0x080073b4   0x000006f0   Code   RO          808    i._printf_core      mc_w.l(printfa.o)
    0x08007aa4   0x00000026   Code   RO          809    i._printf_post_padding  mc_w.l(printfa.o)
    0x08007aca   0x00000030   Code   RO          810    i._printf_pre_padding  mc_w.l(printfa.o)
    0x08007afa   0x0000000a   Code   RO          812    i._sputc            mc_w.l(printfa.o)
    0x08007b04   0x00000050   Code   RO          828    i.free              mc_w.l(malloc.o)
    0x08007b54   0x0000006c   Code   RO          829    i.malloc            mc_w.l(malloc.o)
    0x08007bc0   0x000000f0   Data   RO          288    .constdata          main.o
    0x08007cb0   0x00000020   Data   RO          901    Region$$Table       anon$$obj.o


    Execution Region ER_RW (Base: 0x20000000, Size: 0x000015d0, Max: 0xffffffff, ABSOLUTE, COMPRESSED[0x000007bc])

    Base Addr    Size         Type   Attr      Idx    E Section Name        Object

    0x20000000   0x00000014   Data   RW           11    .data               system_stm32f10x_cl.o
    0x20000014   0x00000014   Data   RW           61    .data               stm32f10x_rcc.o
    0x20000028   0x00000018   Data   RW           78    .data               stm3210c_eval_ioe.o
    0x20000040   0x00001506   Data   RW          156    .data               glcd.o
    0x20001546   0x00000002   PAD
    0x20001548   0x00000024   Data   RW          289    .data               main.o
    0x2000156c   0x00000004   Data   RW          418    .data               uart.o
    0x20001570   0x00000018   Data   RW          438    .data               heap_2.o
    0x20001588   0x00000004   Data   RW          495    .data               port.o
    0x2000158c   0x00000038   Data   RW          534    .data               tasks.o
    0x200015c4   0x00000004   Data   RW          873    .data               mc_w.l(stdout.o)
    0x200015c8   0x00000004   Data   RW          880    .data               mc_w.l(mvars.o)
    0x200015cc   0x00000004   Data   RW          881    .data               mc_w.l(mvars.o)


    Execution Region ER_ZI (Base: 0x200015d0, Size: 0x0000e7c0, Max: 0xffffffff, ABSOLUTE)

    Base Addr    Size         Type   Attr      Idx    E Section Name        Object

    0x200015d0   0x000008e8   Zero   RW          287    .bss                main.o
    0x20001eb8   0x00000010   Zero   RW          413    .bss                uart.o
    0x20001ec8   0x0000dc00   Zero   RW          437    .bss                heap_2.o
    0x2000fac8   0x000000c8   Zero   RW          533    .bss                tasks.o
    0x2000fb90   0x00000000   Zero   RW            2    HEAP                stm32f10x.o
    0x2000fb90   0x00000200   Zero   RW            1    STACK               stm32f10x.o


==============================================================================

Image component sizes


      Code (inc. data)   RO Data    RW Data    ZI Data      Debug   Object Name

       156          4          0          0          0        677   adc.o
      1416         68          0       5382          0       5878   glcd.o
       136          0          0          0          0        840   graphics.o
       244          8          0         24      56320       9196   heap_2.o
       140          0          0          0          0       1649   list.o
      1228        252        240         36       2280      23889   main.o
       396         40          0          0          0       3517   misc.o
       300         24          0          4          0       2229   port.o
      1144          0          0          0          0       7235   queue.o
       116          0          0          0          0        766   rtc.o
       576         72          0          0          0     219001   setup.o
      2796         52          0         24          0      34115   stm3210c_eval_ioe.o
        28          4        236          0        512        732   stm32f10x.o
      3192         90          0          0          0      22373   stm32f10x_adc.o
       648         42          0          0          0       3860   stm32f10x_bkp.o
       624         40          0          0          0       4695   stm32f10x_exti.o
      2272        148          0          0          0      27245   stm32f10x_gpio.o
      2748        124          0          0          0      18608   stm32f10x_i2c.o
       388         46          0          0          0       2127   stm32f10x_pwr.o
      2424        104          0         20          0      26226   stm32f10x_rcc.o
       452         38          0          0          0       2938   stm32f10x_rtc.o
      2948         98          0          0          0      16107   stm32f10x_usart.o
       328         40          0         20          0     222017   system_stm32f10x_cl.o
      2216         40          0         56        200      12589   tasks.o
       124         18          0          4         16       1905   uart.o

    ----------------------------------------------------------------------
     27040       1352        508       5572      59328     670414   Object Totals
         0          0         32          0          0          0   (incl. Generated)
         0          0          0          2          0          0   (incl. Padding)

    ----------------------------------------------------------------------

      Code (inc. data)   RO Data    RW Data    ZI Data      Debug   Library Member Name

        96          0          0          0          0          0   __dclz77c.o
         0          0          0          0          0          0   entry.o
         8          4          0          0          0          0   entry2.o
         4          0          0          0          0          0   entry5.o
         0          0          0          0          0          0   entry7b.o
         8          4          0          0          0          0   entry8.o
        30          0          0          0          0          0   handlers.o
        36          8          0          0          0         68   init.o
         0          0          0          0          0          0   iusefp.o
        30          0          0          0          0         68   llshl.o
        36          0          0          0          0         68   llsshr.o
        32          0          0          0          0         68   llushr.o
       188         20          0          0          0        160   malloc.o
        36          0          0          0          0         68   memcpya.o
        36          0          0          0          0        108   memseta.o
         0          0          0          8          0          0   mvars.o
      2328        102          0          0          0        676   printfa.o
         0          0          0          4          0          0   stdout.o
        18          0          0          0          0         68   strcpy.o
        24          0          0          0          0         76   strncpy.o
        44          0          0          0          0         80   uidiv.o
        98          0          0          0          0         92   uldiv.o
        40          2          0          0          0         68   cdrcmple.o
        56          0          0          0          0         88   d2f.o
       334          0          0          0          0        144   dadd.o
       222          0          0          0          0        100   ddiv.o
       190          0          0          0          0        176   depilogue.o
        50          0          0          0          0         76   dfixui.o
        48          0          0          0          0         68   dfixul.o
        34          0          0          0          0         76   dflti.o
       228          0          0          0          0         92   dmul.o
        38          0          0          0          0         68   f2d.o
       108          0          0          0          0        168   fepilogue.o

    ----------------------------------------------------------------------
      4404        140          0         12          0       2724   Library Totals
         4          0          0          0          0          0   (incl. Padding)

    ----------------------------------------------------------------------

      Code (inc. data)   RO Data    RW Data    ZI Data      Debug   Library Name

      3052        138          0         12          0       1600   mc_w.l
      1348          2          0          0          0       1124   mf_w.l

    ----------------------------------------------------------------------
      4404        140          0         12          0       2724   Library Totals

    ----------------------------------------------------------------------

==============================================================================


      Code (inc. data)   RO Data    RW Data    ZI Data      Debug   

     31444       1492        508       5584      59328     668978   Grand Totals
     31444       1492        508       1980      59328     668978   ELF Image Totals (compressed)
     31444       1492        508       1980          0          0   ROM Totals

==============================================================================

    Total RO  Size (Code + RO Data)                31952 (  31.20kB)
    Total RW  Size (RW Data + ZI Data)             64912 (  63.39kB)
    Total ROM Size (Code + RO Data + RW Data)      33932 (  33.14kB)

==============================================================================

